C:\Users\sfr99\miniconda3\Lib\site-packages\requests\__init__.py:113: RequestsDependencyWarning: urllib3 (2.6.3) or chardet (7.4.3)/charset_normalizer (3.3.2) doesn't match a supported version!
  warnings.warn(
C:\Users\sfr99\miniconda3\Lib\site-packages\transformers\utils\hub.py:111: FutureWarning: Using `TRANSFORMERS_CACHE` is deprecated and will be removed in v5 of Transformers. Use `HF_HOME` instead.
  warnings.warn(
C:\Users\sfr99\miniconda3\Lib\site-packages\torch\nn\modules\module.py:1341: UserWarning: expandable_segments not supported on this platform (Triggered internally at C:\actions-runner\_work\pytorch\pytorch\pytorch\c10/cuda/CUDAAllocatorConfig.h:28.)
  return t.to(
--- Logging error ---
Traceback (most recent call last):
  File "C:\Users\sfr99\miniconda3\Lib\logging\__init__.py", line 1153, in emit
    stream.write(msg + self.terminator)
    ~~~~~~~~~~~~^^^^^^^^^^^^^^^^^^^^^^^
UnicodeEncodeError: 'cp949' codec can't encode character '\u2014' in position 163: illegal multibyte sequence
Call stack:
  File "<frozen runpy>", line 198, in _run_module_as_main
  File "<frozen runpy>", line 88, in _run_code
  File "D:\async-ocr-rag-multimodal-pipeline\ai-worker\app\main.py", line 91, in <module>
    sys.exit(run())
  File "D:\async-ocr-rag-multimodal-pipeline\ai-worker\app\main.py", line 45, in run
    registry = build_default_registry(settings)
  File "D:\async-ocr-rag-multimodal-pipeline\ai-worker\app\capabilities\registry.py", line 192, in build_default_registry
    log.warning(
Message: 'MULTIMODAL capability NOT registered: OCR capability is unavailable. MULTIMODAL v1 reuses the OCR provider \u2014 enable and fix OCR first, then restart the worker. MOCK, RAG remain registered.'
Arguments: ()
