[INFO] Scanning for projects...
[INFO] 
[INFO] ----------------------< com.aipipeline:core-api >-----------------------
[INFO] Building core-api 0.1.0-SNAPSHOT
[INFO]   from pom.xml
[INFO] --------------------------------[ jar ]---------------------------------
[INFO] 
[INFO] >>> spring-boot:4.0.3:run (default-cli) > test-compile @ core-api >>>
[INFO] 
[INFO] --- resources:3.3.1:resources (default-resources) @ core-api ---
[INFO] Copying 1 resource from src\main\resources to target\classes
[INFO] Copying 10 resources from src\main\resources to target\classes
[INFO] 
[INFO] --- compiler:3.14.1:compile (default-compile) @ core-api ---
[INFO] Nothing to compile - all classes are up to date.
[INFO] 
[INFO] --- resources:3.3.1:testResources (default-testResources) @ core-api ---
[INFO] skip non existing resourceDirectory D:\async-ocr-rag-multimodal-pipeline\core-api\src\test\resources
[INFO] 
[INFO] --- compiler:3.14.1:testCompile (default-testCompile) @ core-api ---
[INFO] Nothing to compile - all classes are up to date.
[INFO] 
[INFO] <<< spring-boot:4.0.3:run (default-cli) < test-compile @ core-api <<<
[INFO] 
[INFO] 
[INFO] --- spring-boot:4.0.3:run (default-cli) @ core-api ---
[INFO] Attaching agents: []

  .   ____          _            __ _ _
 /\\ / ___'_ __ _ _(_)_ __  __ _ \ \ \ \
( ( )\___ | '_ | '_| | '_ \/ _` | \ \ \ \
 \\/  ___)| |_)| | | | | || (_| |  ) ) ) )
  '  |____| .__|_| |_|_| |_\__, | / / / /
 =========|_|==============|___/=/_/_/_/

 :: Spring Boot ::                (v4.0.3)

2026-05-04T08:34:27.601+09:00  INFO 30700 --- [core-api] [           main] c.aipipeline.coreapi.CoreApiApplication  : Starting CoreApiApplication using Java 21.0.8 with PID 30700 (D:\async-ocr-rag-multimodal-pipeline\core-api\target\classes started by sfr99 in D:\async-ocr-rag-multimodal-pipeline\core-api)
2026-05-04T08:34:27.603+09:00  INFO 30700 --- [core-api] [           main] c.aipipeline.coreapi.CoreApiApplication  : No active profile set, falling back to 1 default profile: "default"
2026-05-04T08:34:28.010+09:00  INFO 30700 --- [core-api] [           main] .s.d.r.c.RepositoryConfigurationDelegate : Multiple Spring Data modules found, entering strict repository configuration mode
2026-05-04T08:34:28.011+09:00  INFO 30700 --- [core-api] [           main] .s.d.r.c.RepositoryConfigurationDelegate : Bootstrapping Spring Data JPA repositories in DEFAULT mode.
2026-05-04T08:34:28.102+09:00  INFO 30700 --- [core-api] [           main] .s.d.r.c.RepositoryConfigurationDelegate : Finished Spring Data repository scanning in 86 ms. Found 14 JPA repository interfaces.
2026-05-04T08:34:28.123+09:00  INFO 30700 --- [core-api] [           main] .s.d.r.c.RepositoryConfigurationDelegate : Multiple Spring Data modules found, entering strict repository configuration mode
2026-05-04T08:34:28.124+09:00  INFO 30700 --- [core-api] [           main] .s.d.r.c.RepositoryConfigurationDelegate : Bootstrapping Spring Data Redis repositories in DEFAULT mode.
2026-05-04T08:34:28.140+09:00  INFO 30700 --- [core-api] [           main] .RepositoryConfigurationExtensionSupport : Spring Data Redis - Could not safely identify store assignment for repository candidate interface com.aipipeline.coreapi.artifact.adapter.out.persistence.ArtifactJpaRepository; If you want this repository to be a Redis repository, consider annotating your entities with one of these annotations: org.springframework.data.redis.core.RedisHash (preferred), or consider extending one of the following types with your repository: org.springframework.data.keyvalue.repository.KeyValueRepository
2026-05-04T08:34:28.141+09:00  INFO 30700 --- [core-api] [           main] .RepositoryConfigurationExtensionSupport : Spring Data Redis - Could not safely identify store assignment for repository candidate interface com.aipipeline.coreapi.catalog.adapter.out.persistence.CellMetadataJpaRepository; If you want this repository to be a Redis repository, consider annotating your entities with one of these annotations: org.springframework.data.redis.core.RedisHash (preferred), or consider extending one of the following types with your repository: org.springframework.data.keyvalue.repository.KeyValueRepository
2026-05-04T08:34:28.142+09:00  INFO 30700 --- [core-api] [           main] .RepositoryConfigurationExtensionSupport : Spring Data Redis - Could not safely identify store assignment for repository candidate interface com.aipipeline.coreapi.catalog.adapter.out.persistence.DocumentV2JpaRepository; If you want this repository to be a Redis repository, consider annotating your entities with one of these annotations: org.springframework.data.redis.core.RedisHash (preferred), or consider extending one of the following types with your repository: org.springframework.data.keyvalue.repository.KeyValueRepository
2026-05-04T08:34:28.143+09:00  INFO 30700 --- [core-api] [           main] .RepositoryConfigurationExtensionSupport : Spring Data Redis - Could not safely identify store assignment for repository candidate interface com.aipipeline.coreapi.catalog.adapter.out.persistence.DocumentVersionJpaRepository; If you want this repository to be a Redis repository, consider annotating your entities with one of these annotations: org.springframework.data.redis.core.RedisHash (preferred), or consider extending one of the following types with your repository: org.springframework.data.keyvalue.repository.KeyValueRepository
2026-05-04T08:34:28.143+09:00  INFO 30700 --- [core-api] [           main] .RepositoryConfigurationExtensionSupport : Spring Data Redis - Could not safely identify store assignment for repository candidate interface com.aipipeline.coreapi.catalog.adapter.out.persistence.EmbeddingRecordJpaRepository; If you want this repository to be a Redis repository, consider annotating your entities with one of these annotations: org.springframework.data.redis.core.RedisHash (preferred), or consider extending one of the following types with your repository: org.springframework.data.keyvalue.repository.KeyValueRepository
2026-05-04T08:34:28.144+09:00  INFO 30700 --- [core-api] [           main] .RepositoryConfigurationExtensionSupport : Spring Data Redis - Could not safely identify store assignment for repository candidate interface com.aipipeline.coreapi.catalog.adapter.out.persistence.EvalResultJpaRepository; If you want this repository to be a Redis repository, consider annotating your entities with one of these annotations: org.springframework.data.redis.core.RedisHash (preferred), or consider extending one of the following types with your repository: org.springframework.data.keyvalue.repository.KeyValueRepository
2026-05-04T08:34:28.144+09:00  INFO 30700 --- [core-api] [           main] .RepositoryConfigurationExtensionSupport : Spring Data Redis - Could not safely identify store assignment for repository candidate interface com.aipipeline.coreapi.catalog.adapter.out.persistence.ExtractedArtifactJpaRepository; If you want this repository to be a Redis repository, consider annotating your entities with one of these annotations: org.springframework.data.redis.core.RedisHash (preferred), or consider extending one of the following types with your repository: org.springframework.data.keyvalue.repository.KeyValueRepository
2026-05-04T08:34:28.145+09:00  INFO 30700 --- [core-api] [           main] .RepositoryConfigurationExtensionSupport : Spring Data Redis - Could not safely identify store assignment for repository candidate interface com.aipipeline.coreapi.catalog.adapter.out.persistence.IndexBuildJpaRepository; If you want this repository to be a Redis repository, consider annotating your entities with one of these annotations: org.springframework.data.redis.core.RedisHash (preferred), or consider extending one of the following types with your repository: org.springframework.data.keyvalue.repository.KeyValueRepository
2026-05-04T08:34:28.145+09:00  INFO 30700 --- [core-api] [           main] .RepositoryConfigurationExtensionSupport : Spring Data Redis - Could not safely identify store assignment for repository candidate interface com.aipipeline.coreapi.catalog.adapter.out.persistence.ParsedArtifactV2JpaRepository; If you want this repository to be a Redis repository, consider annotating your entities with one of these annotations: org.springframework.data.redis.core.RedisHash (preferred), or consider extending one of the following types with your repository: org.springframework.data.keyvalue.repository.KeyValueRepository
2026-05-04T08:34:28.146+09:00  INFO 30700 --- [core-api] [           main] .RepositoryConfigurationExtensionSupport : Spring Data Redis - Could not safely identify store assignment for repository candidate interface com.aipipeline.coreapi.catalog.adapter.out.persistence.PdfPageMetadataJpaRepository; If you want this repository to be a Redis repository, consider annotating your entities with one of these annotations: org.springframework.data.redis.core.RedisHash (preferred), or consider extending one of the following types with your repository: org.springframework.data.keyvalue.repository.KeyValueRepository
2026-05-04T08:34:28.146+09:00  INFO 30700 --- [core-api] [           main] .RepositoryConfigurationExtensionSupport : Spring Data Redis - Could not safely identify store assignment for repository candidate interface com.aipipeline.coreapi.catalog.adapter.out.persistence.SearchUnitJpaRepository; If you want this repository to be a Redis repository, consider annotating your entities with one of these annotations: org.springframework.data.redis.core.RedisHash (preferred), or consider extending one of the following types with your repository: org.springframework.data.keyvalue.repository.KeyValueRepository
2026-05-04T08:34:28.147+09:00  INFO 30700 --- [core-api] [           main] .RepositoryConfigurationExtensionSupport : Spring Data Redis - Could not safely identify store assignment for repository candidate interface com.aipipeline.coreapi.catalog.adapter.out.persistence.SourceFileJpaRepository; If you want this repository to be a Redis repository, consider annotating your entities with one of these annotations: org.springframework.data.redis.core.RedisHash (preferred), or consider extending one of the following types with your repository: org.springframework.data.keyvalue.repository.KeyValueRepository
2026-05-04T08:34:28.147+09:00  INFO 30700 --- [core-api] [           main] .RepositoryConfigurationExtensionSupport : Spring Data Redis - Could not safely identify store assignment for repository candidate interface com.aipipeline.coreapi.catalog.adapter.out.persistence.TableMetadataJpaRepository; If you want this repository to be a Redis repository, consider annotating your entities with one of these annotations: org.springframework.data.redis.core.RedisHash (preferred), or consider extending one of the following types with your repository: org.springframework.data.keyvalue.repository.KeyValueRepository
2026-05-04T08:34:28.148+09:00  INFO 30700 --- [core-api] [           main] .RepositoryConfigurationExtensionSupport : Spring Data Redis - Could not safely identify store assignment for repository candidate interface com.aipipeline.coreapi.job.adapter.out.persistence.JobJpaRepository; If you want this repository to be a Redis repository, consider annotating your entities with one of these annotations: org.springframework.data.redis.core.RedisHash (preferred), or consider extending one of the following types with your repository: org.springframework.data.keyvalue.repository.KeyValueRepository
2026-05-04T08:34:28.148+09:00  INFO 30700 --- [core-api] [           main] .s.d.r.c.RepositoryConfigurationDelegate : Finished Spring Data repository scanning in 19 ms. Found 0 Redis repository interfaces.
2026-05-04T08:34:28.386+09:00  INFO 30700 --- [core-api] [           main] o.s.boot.tomcat.TomcatWebServer          : Tomcat initialized with port 8080 (http)
2026-05-04T08:34:28.392+09:00  INFO 30700 --- [core-api] [           main] o.apache.catalina.core.StandardService   : Starting service [Tomcat]
2026-05-04T08:34:28.392+09:00  INFO 30700 --- [core-api] [           main] o.apache.catalina.core.StandardEngine    : Starting Servlet engine: [Apache Tomcat/11.0.18]
2026-05-04T08:34:28.425+09:00  INFO 30700 --- [core-api] [           main] b.w.c.s.WebApplicationContextInitializer : Root WebApplicationContext: initialization completed in 798 ms
2026-05-04T08:34:28.640+09:00  INFO 30700 --- [core-api] [           main] com.zaxxer.hikari.HikariDataSource       : HikariPool-1 - Starting...
2026-05-04T08:34:28.814+09:00  INFO 30700 --- [core-api] [           main] com.zaxxer.hikari.pool.HikariPool        : HikariPool-1 - Added connection org.postgresql.jdbc.PgConnection@2db461b5
2026-05-04T08:34:28.815+09:00  INFO 30700 --- [core-api] [           main] com.zaxxer.hikari.HikariDataSource       : HikariPool-1 - Start completed.
2026-05-04T08:34:28.856+09:00  INFO 30700 --- [core-api] [           main] org.flywaydb.core.FlywayExecutor         : Database: jdbc:postgresql://localhost:5433/aipipeline (PostgreSQL 18.3)
2026-05-04T08:34:28.910+09:00  INFO 30700 --- [core-api] [           main] o.f.core.internal.command.DbValidate     : Successfully validated 10 migrations (execution time 00:00.016s)
2026-05-04T08:34:28.934+09:00  INFO 30700 --- [core-api] [           main] o.f.core.internal.command.DbMigrate      : Current version of schema "public": 10
2026-05-04T08:34:28.937+09:00  INFO 30700 --- [core-api] [           main] o.f.core.internal.command.DbMigrate      : Schema "public" is up to date. No migration necessary.
2026-05-04T08:34:28.986+09:00  INFO 30700 --- [core-api] [           main] org.hibernate.orm.jpa                    : HHH008540: Processing PersistenceUnitInfo [name: default]
2026-05-04T08:34:29.007+09:00  INFO 30700 --- [core-api] [           main] org.hibernate.orm.core                   : HHH000001: Hibernate ORM core version 7.2.4.Final
2026-05-04T08:34:29.186+09:00  INFO 30700 --- [core-api] [           main] o.s.o.j.p.SpringPersistenceUnitInfo      : No LoadTimeWeaver setup: ignoring JPA class transformer
2026-05-04T08:34:29.227+09:00  INFO 30700 --- [core-api] [           main] org.hibernate.orm.connections.pooling    : HHH10001005: Database info:
	Database JDBC URL [jdbc:postgresql://localhost:5433/aipipeline]
	Database driver: PostgreSQL JDBC Driver
	Database dialect: PostgreSQLDialect
	Database version: 18.3
	Default catalog/schema: aipipeline/public
	Autocommit mode: undefined/unknown
	Isolation level: READ_COMMITTED [default READ_COMMITTED]
	JDBC fetch size: none
	Pool: DataSourceConnectionProvider
	Minimum pool size: undefined/unknown
	Maximum pool size: undefined/unknown
2026-05-04T08:34:29.760+09:00  INFO 30700 --- [core-api] [           main] org.hibernate.orm.core                   : HHH000489: No JTA platform available (set 'hibernate.transaction.jta.platform' to enable JTA platform integration)
2026-05-04T08:34:29.797+09:00  INFO 30700 --- [core-api] [           main] j.LocalContainerEntityManagerFactoryBean : Initialized JPA EntityManagerFactory for persistence unit 'default'
2026-05-04T08:34:29.842+09:00  INFO 30700 --- [core-api] [           main] o.s.d.j.r.query.QueryEnhancerFactories   : Hibernate is in classpath; If applicable, HQL parser will be used.
2026-05-04T08:34:29.920+09:00  INFO 30700 --- [core-api] [           main] .c.s.a.o.l.LocalFilesystemStorageAdapter : Local storage root: D:\async-ocr-rag-multimodal-pipeline\local-storage
2026-05-04T08:34:31.216+09:00  INFO 30700 --- [core-api] [           main] o.s.b.a.e.web.EndpointLinksResolver      : Exposing 2 endpoints beneath base path '/actuator'
2026-05-04T08:34:31.255+09:00  INFO 30700 --- [core-api] [           main] o.s.boot.tomcat.TomcatWebServer          : Tomcat started on port 8080 (http) with context path '/'
2026-05-04T08:34:31.261+09:00  INFO 30700 --- [core-api] [           main] c.aipipeline.coreapi.CoreApiApplication  : Started CoreApiApplication in 3.865 seconds (process running for 4.099)
2026-05-04T08:34:45.417+09:00  INFO 30700 --- [core-api] [nio-8080-exec-1] o.a.c.c.C.[Tomcat].[localhost].[/]       : Initializing Spring DispatcherServlet 'dispatcherServlet'
2026-05-04T08:34:45.418+09:00  INFO 30700 --- [core-api] [nio-8080-exec-1] o.s.web.servlet.DispatcherServlet        : Initializing Servlet 'dispatcherServlet'
2026-05-04T08:34:45.421+09:00  INFO 30700 --- [core-api] [nio-8080-exec-1] o.s.web.servlet.DispatcherServlet        : Completed initialization in 2 ms
2026-05-04T08:35:55.265+09:00  INFO 30700 --- [core-api] [nio-8080-exec-4] c.a.c.q.a.o.r.RedisJobDispatchAdapter    : Dispatched job 3f0f9b5c-7f15-46d0-a3bf-fe6b5df85828 onto aipipeline:jobs:pending
2026-05-04T08:35:55.270+09:00  WARN 30700 --- [core-api] [nio-8080-exec-5] c.a.c.c.w.InternalSecretAuthInterceptor  : aipipeline.internal.secret is not configured — /api/internal/** requests are unauthenticated (dev mode)
2026-05-04T08:35:55.401+09:00  INFO 30700 --- [core-api] [nio-8080-exec-5] c.a.c.j.a.service.JobExecutionService    : Claim granted jobId=3f0f9b5c-7f15-46d0-a3bf-fe6b5df85828 workerToken=worker-local-1
2026-05-04T08:36:17.215+09:00  INFO 30700 --- [core-api] [nio-8080-exec-7] c.a.c.j.a.service.JobExecutionService    : Callback applied jobId=3f0f9b5c-7f15-46d0-a3bf-fe6b5df85828 outcome=SUCCEEDED status=SUCCEEDED
2026-05-04T08:36:21.831+09:00  INFO 30700 --- [core-api] [nio-8080-exec-1] c.a.c.q.a.o.r.RedisJobDispatchAdapter    : Dispatched job 519d2e48-719a-4f22-92f8-ed1b8d19b2a3 onto aipipeline:jobs:pending
2026-05-04T08:36:21.838+09:00  INFO 30700 --- [core-api] [nio-8080-exec-2] c.a.c.j.a.service.JobExecutionService    : Claim granted jobId=519d2e48-719a-4f22-92f8-ed1b8d19b2a3 workerToken=worker-local-1
2026-05-04T08:36:23.807+09:00  INFO 30700 --- [core-api] [nio-8080-exec-8] c.a.c.j.a.service.JobExecutionService    : Callback applied jobId=519d2e48-719a-4f22-92f8-ed1b8d19b2a3 outcome=SUCCEEDED status=SUCCEEDED
2026-05-04T08:54:10.959+09:00  INFO 30700 --- [core-api] [nio-8080-exec-9] c.a.c.q.a.o.r.RedisJobDispatchAdapter    : Dispatched job 537721c3-9461-4655-ba28-e7f75894eee7 onto aipipeline:jobs:pending
2026-05-04T08:54:10.959+09:00  INFO 30700 --- [core-api] [io-8080-exec-10] c.a.c.q.a.o.r.RedisJobDispatchAdapter    : Dispatched job 0ebc4c50-4639-4a36-8b22-3c3b46147132 onto aipipeline:jobs:pending
2026-05-04T08:54:11.283+09:00  INFO 30700 --- [core-api] [nio-8080-exec-1] c.a.c.j.a.service.JobExecutionService    : Claim granted jobId=537721c3-9461-4655-ba28-e7f75894eee7 workerToken=worker-local-1
2026-05-04T08:54:13.027+09:00  INFO 30700 --- [core-api] [   scheduling-1] c.a.c.q.a.o.r.RedisJobDispatchAdapter    : Dispatched job 0ebc4c50-4639-4a36-8b22-3c3b46147132 onto aipipeline:jobs:pending
2026-05-04T08:54:13.110+09:00  INFO 30700 --- [core-api] [   scheduling-1] c.a.c.j.a.service.JobDispatchReconciler  : Dispatch reconciliation scanned 1 candidate(s), redispatched 1
2026-05-04T08:54:23.178+09:00  INFO 30700 --- [core-api] [   scheduling-1] c.a.c.q.a.o.r.RedisJobDispatchAdapter    : Dispatched job 0ebc4c50-4639-4a36-8b22-3c3b46147132 onto aipipeline:jobs:pending
2026-05-04T08:54:23.179+09:00  INFO 30700 --- [core-api] [   scheduling-1] c.a.c.j.a.service.JobDispatchReconciler  : Dispatch reconciliation scanned 1 candidate(s), redispatched 1
2026-05-04T08:54:33.198+09:00  INFO 30700 --- [core-api] [   scheduling-1] c.a.c.q.a.o.r.RedisJobDispatchAdapter    : Dispatched job 0ebc4c50-4639-4a36-8b22-3c3b46147132 onto aipipeline:jobs:pending
2026-05-04T08:54:33.247+09:00  INFO 30700 --- [core-api] [   scheduling-1] c.a.c.j.a.service.JobDispatchReconciler  : Dispatch reconciliation scanned 1 candidate(s), redispatched 1
2026-05-04T08:54:34.550+09:00  INFO 30700 --- [core-api] [nio-8080-exec-3] c.a.c.j.a.service.JobExecutionService    : Callback applied jobId=537721c3-9461-4655-ba28-e7f75894eee7 outcome=SUCCEEDED status=SUCCEEDED
2026-05-04T08:54:38.431+09:00  INFO 30700 --- [core-api] [nio-8080-exec-7] c.a.c.j.a.service.JobExecutionService    : Claim granted jobId=0ebc4c50-4639-4a36-8b22-3c3b46147132 workerToken=worker-local-1
2026-05-04T08:54:40.432+09:00  INFO 30700 --- [core-api] [nio-8080-exec-1] c.a.c.q.a.o.r.RedisJobDispatchAdapter    : Dispatched job 186ac42d-6a62-419e-9e96-bd43395c627a onto aipipeline:jobs:pending
2026-05-04T08:54:43.301+09:00  INFO 30700 --- [core-api] [   scheduling-1] c.a.c.q.a.o.r.RedisJobDispatchAdapter    : Dispatched job 186ac42d-6a62-419e-9e96-bd43395c627a onto aipipeline:jobs:pending
2026-05-04T08:54:43.358+09:00  INFO 30700 --- [core-api] [   scheduling-1] c.a.c.j.a.service.JobDispatchReconciler  : Dispatch reconciliation scanned 1 candidate(s), redispatched 1
2026-05-04T08:54:49.766+09:00  INFO 30700 --- [core-api] [nio-8080-exec-4] c.a.c.j.a.service.JobExecutionService    : Callback applied jobId=0ebc4c50-4639-4a36-8b22-3c3b46147132 outcome=SUCCEEDED status=SUCCEEDED
2026-05-04T08:54:49.930+09:00  INFO 30700 --- [core-api] [nio-8080-exec-9] c.a.c.j.a.service.JobExecutionService    : Claim granted jobId=186ac42d-6a62-419e-9e96-bd43395c627a workerToken=worker-local-1
2026-05-04T08:54:52.018+09:00  INFO 30700 --- [core-api] [nio-8080-exec-6] c.a.c.j.a.service.JobExecutionService    : Callback applied jobId=186ac42d-6a62-419e-9e96-bd43395c627a outcome=SUCCEEDED status=SUCCEEDED
2026-05-04T08:54:59.060+09:00  INFO 30700 --- [core-api] [nio-8080-exec-5] c.a.c.q.a.o.r.RedisJobDispatchAdapter    : Dispatched job 66a038f9-701d-438e-8910-cb79f947c519 onto aipipeline:jobs:pending
2026-05-04T08:54:59.090+09:00  INFO 30700 --- [core-api] [nio-8080-exec-3] c.a.c.j.a.service.JobExecutionService    : Claim granted jobId=66a038f9-701d-438e-8910-cb79f947c519 workerToken=worker-local-1
2026-05-04T08:55:36.436+09:00  INFO 30700 --- [core-api] [io-8080-exec-10] c.a.c.j.a.service.JobExecutionService    : Callback applied jobId=66a038f9-701d-438e-8910-cb79f947c519 outcome=SUCCEEDED status=SUCCEEDED
2026-05-04T08:55:38.079+09:00  INFO 30700 --- [core-api] [nio-8080-exec-4] c.a.c.q.a.o.r.RedisJobDispatchAdapter    : Dispatched job 2c4b8771-3b60-471c-9808-c253a6bd7913 onto aipipeline:jobs:pending
2026-05-04T08:55:38.085+09:00  INFO 30700 --- [core-api] [nio-8080-exec-5] c.a.c.j.a.service.JobExecutionService    : Claim granted jobId=2c4b8771-3b60-471c-9808-c253a6bd7913 workerToken=worker-local-1
2026-05-04T08:56:00.885+09:00  INFO 30700 --- [core-api] [nio-8080-exec-6] c.a.c.j.a.service.JobExecutionService    : Callback applied jobId=2c4b8771-3b60-471c-9808-c253a6bd7913 outcome=SUCCEEDED status=SUCCEEDED
2026-05-04T08:56:01.776+09:00  INFO 30700 --- [core-api] [nio-8080-exec-5] c.a.c.q.a.o.r.RedisJobDispatchAdapter    : Dispatched job 89dac135-0a3a-4672-a995-f9a24e86763e onto aipipeline:jobs:pending
2026-05-04T08:56:01.781+09:00  INFO 30700 --- [core-api] [nio-8080-exec-3] c.a.c.j.a.service.JobExecutionService    : Claim granted jobId=89dac135-0a3a-4672-a995-f9a24e86763e workerToken=worker-local-1
2026-05-04T08:56:25.118+09:00  INFO 30700 --- [core-api] [nio-8080-exec-1] c.a.c.j.a.service.JobExecutionService    : Callback applied jobId=89dac135-0a3a-4672-a995-f9a24e86763e outcome=SUCCEEDED status=SUCCEEDED
2026-05-04T08:56:25.440+09:00  INFO 30700 --- [core-api] [nio-8080-exec-3] c.a.c.q.a.o.r.RedisJobDispatchAdapter    : Dispatched job 4b701662-4214-44da-8896-426e52cbd33a onto aipipeline:jobs:pending
2026-05-04T08:56:25.445+09:00  INFO 30700 --- [core-api] [nio-8080-exec-9] c.a.c.j.a.service.JobExecutionService    : Claim granted jobId=4b701662-4214-44da-8896-426e52cbd33a workerToken=worker-local-1
2026-05-04T08:56:45.709+09:00  INFO 30700 --- [core-api] [nio-8080-exec-4] c.a.c.j.a.service.JobExecutionService    : Callback applied jobId=4b701662-4214-44da-8896-426e52cbd33a outcome=SUCCEEDED status=SUCCEEDED
2026-05-04T08:56:46.970+09:00  INFO 30700 --- [core-api] [nio-8080-exec-3] c.a.c.q.a.o.r.RedisJobDispatchAdapter    : Dispatched job 637bd372-40bf-4160-9488-479c4bf96c75 onto aipipeline:jobs:pending
2026-05-04T08:56:46.977+09:00  INFO 30700 --- [core-api] [io-8080-exec-10] c.a.c.j.a.service.JobExecutionService    : Claim granted jobId=637bd372-40bf-4160-9488-479c4bf96c75 workerToken=worker-local-1
2026-05-04T08:57:09.158+09:00  INFO 30700 --- [core-api] [nio-8080-exec-4] c.a.c.j.a.service.JobExecutionService    : Callback applied jobId=637bd372-40bf-4160-9488-479c4bf96c75 outcome=SUCCEEDED status=SUCCEEDED
2026-05-04T08:57:09.649+09:00  INFO 30700 --- [core-api] [nio-8080-exec-9] c.a.c.q.a.o.r.RedisJobDispatchAdapter    : Dispatched job 6f0fa557-75d3-4854-ba64-434f4d7b4498 onto aipipeline:jobs:pending
2026-05-04T08:57:09.655+09:00  INFO 30700 --- [core-api] [io-8080-exec-10] c.a.c.j.a.service.JobExecutionService    : Claim granted jobId=6f0fa557-75d3-4854-ba64-434f4d7b4498 workerToken=worker-local-1
2026-05-04T08:57:30.434+09:00  INFO 30700 --- [core-api] [nio-8080-exec-1] c.a.c.j.a.service.JobExecutionService    : Callback applied jobId=6f0fa557-75d3-4854-ba64-434f4d7b4498 outcome=SUCCEEDED status=SUCCEEDED
2026-05-04T08:57:31.371+09:00  INFO 30700 --- [core-api] [nio-8080-exec-9] c.a.c.q.a.o.r.RedisJobDispatchAdapter    : Dispatched job 7ca994e9-46f4-4ff5-90a9-f8ecf4f1d5ae onto aipipeline:jobs:pending
2026-05-04T08:57:31.378+09:00  INFO 30700 --- [core-api] [nio-8080-exec-2] c.a.c.j.a.service.JobExecutionService    : Claim granted jobId=7ca994e9-46f4-4ff5-90a9-f8ecf4f1d5ae workerToken=worker-local-1
2026-05-04T08:57:55.540+09:00  INFO 30700 --- [core-api] [nio-8080-exec-8] c.a.c.j.a.service.JobExecutionService    : Callback applied jobId=7ca994e9-46f4-4ff5-90a9-f8ecf4f1d5ae outcome=SUCCEEDED status=SUCCEEDED
2026-05-04T08:57:56.061+09:00  INFO 30700 --- [core-api] [nio-8080-exec-6] c.a.c.q.a.o.r.RedisJobDispatchAdapter    : Dispatched job 6e1f575b-d1b2-4a6f-9672-60cdba0390fc onto aipipeline:jobs:pending
2026-05-04T08:57:56.067+09:00  INFO 30700 --- [core-api] [nio-8080-exec-7] c.a.c.j.a.service.JobExecutionService    : Claim granted jobId=6e1f575b-d1b2-4a6f-9672-60cdba0390fc workerToken=worker-local-1
2026-05-04T08:58:15.895+09:00  INFO 30700 --- [core-api] [nio-8080-exec-3] c.a.c.j.a.service.JobExecutionService    : Callback applied jobId=6e1f575b-d1b2-4a6f-9672-60cdba0390fc outcome=SUCCEEDED status=SUCCEEDED
2026-05-04T10:59:27.896+09:00  INFO 30700 --- [core-api] [nio-8080-exec-9] c.a.c.q.a.o.r.RedisJobDispatchAdapter    : Dispatched job 904b2b45-044e-444e-978e-8db111ed1d6e onto aipipeline:jobs:pending
2026-05-04T10:59:27.925+09:00  INFO 30700 --- [core-api] [nio-8080-exec-8] c.a.c.j.a.service.JobExecutionService    : Claim granted jobId=904b2b45-044e-444e-978e-8db111ed1d6e workerToken=worker-local-1
2026-05-04T10:59:28.973+09:00  INFO 30700 --- [core-api] [nio-8080-exec-5] c.a.c.j.a.service.JobExecutionService    : Callback applied jobId=904b2b45-044e-444e-978e-8db111ed1d6e outcome=SUCCEEDED status=SUCCEEDED
2026-05-04T10:59:32.814+09:00  INFO 30700 --- [core-api] [nio-8080-exec-9] c.a.c.q.a.o.r.RedisJobDispatchAdapter    : Dispatched job e9f37bf9-0e15-42c8-8810-e4977c3942bf onto aipipeline:jobs:pending
2026-05-04T10:59:32.886+09:00  INFO 30700 --- [core-api] [nio-8080-exec-3] c.a.c.j.a.service.JobExecutionService    : Claim granted jobId=e9f37bf9-0e15-42c8-8810-e4977c3942bf workerToken=worker-local-1
2026-05-04T10:59:44.783+09:00  INFO 30700 --- [core-api] [nio-8080-exec-5] c.a.c.j.a.service.JobExecutionService    : Callback applied jobId=e9f37bf9-0e15-42c8-8810-e4977c3942bf outcome=SUCCEEDED status=SUCCEEDED
2026-05-04T11:01:17.362+09:00  INFO 30700 --- [core-api] [nio-8080-exec-4] c.a.c.q.a.o.r.RedisJobDispatchAdapter    : Dispatched job c082cc78-156e-45f6-8bc9-26f64cce4b40 onto aipipeline:jobs:pending
2026-05-04T11:01:17.393+09:00  INFO 30700 --- [core-api] [nio-8080-exec-9] c.a.c.j.a.service.JobExecutionService    : Claim granted jobId=c082cc78-156e-45f6-8bc9-26f64cce4b40 workerToken=worker-local-1
2026-05-04T11:01:36.604+09:00  INFO 30700 --- [core-api] [nio-8080-exec-4] c.a.c.j.a.service.JobExecutionService    : Callback applied jobId=c082cc78-156e-45f6-8bc9-26f64cce4b40 outcome=SUCCEEDED status=SUCCEEDED
