false : 'false' 용어가 cmdlet, 함수, 스크립트 파일 또는 실행할 수 있는 프로그램 이름으로 인식되지 않습니다. 이름이 정확
한지 확인하고 경로가 포함된 경우 경로가 올바른지 검증한 다음 다시 시도하십시오.
위치 줄:1 문자:36
+ $env:AIPIPELINE_WORKER_RAG_ENABLED=false; $env:AIPIPELINE_WORKER_OCR_ ...
+                                    ~~~~~
    + CategoryInfo          : ObjectNotFound: (false:String) [], CommandNotFoundException
    + FullyQualifiedErrorId : CommandNotFoundException
 
false : 'false' 용어가 cmdlet, 함수, 스크립트 파일 또는 실행할 수 있는 프로그램 이름으로 인식되지 않습니다. 이름이 정확
한지 확인하고 경로가 포함된 경우 경로가 올바른지 검증한 다음 다시 시도하십시오.
위치 줄:1 문자:78
+ ... R_RAG_ENABLED=false; $env:AIPIPELINE_WORKER_OCR_ENABLED=false; $env:A ...
+                                                             ~~~~~
    + CategoryInfo          : ObjectNotFound: (false:String) [], CommandNotFoundException
    + FullyQualifiedErrorId : CommandNotFoundException
 
false : 'false' 용어가 cmdlet, 함수, 스크립트 파일 또는 실행할 수 있는 프로그램 이름으로 인식되지 않습니다. 이름이 정확
한지 확인하고 경로가 포함된 경우 경로가 올바른지 검증한 다음 다시 시도하십시오.
위치 줄:1 문자:127
+ ... NABLED=false; $env:AIPIPELINE_WORKER_MULTIMODAL_ENABLED=false; $env:A ...
+                                                             ~~~~~
    + CategoryInfo          : ObjectNotFound: (false:String) [], CommandNotFoundException
    + FullyQualifiedErrorId : CommandNotFoundException
 
http://localhost:8080 : 'http://localhost:8080' 용어가 cmdlet, 함수, 스크립트 파일 또는 실행할 수 있는 프로그램 이름으
로 인식되지 않습니다. 이름이 정확한지 확인하고 경로가 포함된 경우 경로가 올바른지 검증한 다음 다시 시도하십시오.
위치 줄:1 문자:175
+ ... env:AIPIPELINE_WORKER_CORE_API_BASE_URL=http://localhost:8080; $env:A ...
+                                             ~~~~~~~~~~~~~~~~~~~~~
    + CategoryInfo          : ObjectNotFound: (http://localhost:8080:String) [], CommandNotFoundException
    + FullyQualifiedErrorId : CommandNotFoundException
 
redis://localhost:6379/0 : 'redis://localhost:6379/0' 용어가 cmdlet, 함수, 스크립트 파일 또는 실행할 수 있는 프로그램 
이름으로 인식되지 않습니다. 이름이 정확한지 확인하고 경로가 포함된 경우 경로가 올바른지 검증한 다음 다시 시도하십시오.
위치 줄:1 문자:231
+ ... 80; $env:AIPIPELINE_WORKER_REDIS_URL=redis://localhost:6379/0; $env:A ...
+                                          ~~~~~~~~~~~~~~~~~~~~~~~~
    + CategoryInfo          : ObjectNotFound: (redis://localhost:6379/0:String) [], CommandNotFoundException
    + FullyQualifiedErrorId : CommandNotFoundException
 
D:/async-ocr-rag-multimodal-pipeline/local-storage : 'D:/async-ocr-rag-multimodal-pipeline/local-storage' 용어가 cmdlet
, 함수, 스크립트 파일 또는 실행할 수 있는 프로그램 이름으로 인식되지 않습니다. 이름이 정확한지 확인하고 경로가 포함된 
경우 경로가 올바른지 검증한 다음 다시 시도하십시오.
위치 줄:1 문자:299
+ ... TORAGE_ROOT=D:/async-ocr-rag-multimodal-pipeline/local-storage; $env: ...
+                 ~~~~~~~~~~~~~~~~~~~~~~~~~~~~~~~~~~~~~~~~~~~~~~~~~~
    + CategoryInfo          : ObjectNotFound: (D:/async-ocr-ra...e/local-storage:String) [], CommandNotFoundException
    + FullyQualifiedErrorId : CommandNotFoundException
 
C:\Users\sfr99\miniconda3\Lib\site-packages\transformers\utils\hub.py:111: FutureWarning: Using `TRANSFORMERS_CACHE` is deprecated and will be removed in v5 of Transformers. Use `HF_HOME` instead.
  warnings.warn(
C:\Users\sfr99\miniconda3\Lib\site-packages\torch\nn\modules\module.py:1341: UserWarning: expandable_segments not supported on this platform (Triggered internally at C:\actions-runner\_work\pytorch\pytorch\pytorch\c10/cuda/CUDAAllocatorConfig.h:28.)
  return t.to(
--- Logging error ---
Traceback (most recent call last):
  File "C:\Users\sfr99\miniconda3\Lib\logging\__init__.py", line 1153, in emit
    stream.write(msg + self.terminator)
    ~~~~~~~~~~~~^^^^^^^^^^^^^^^^^^^^^^^
UnicodeEncodeError: 'cp949' codec can't encode character '\u2014' in position 163: illegal multibyte sequence
Call stack:
  File "<frozen runpy>", line 198, in _run_module_as_main
  File "<frozen runpy>", line 88, in _run_code
  File "D:\async-ocr-rag-multimodal-pipeline\ai-worker\app\main.py", line 91, in <module>
    sys.exit(run())
  File "D:\async-ocr-rag-multimodal-pipeline\ai-worker\app\main.py", line 45, in run
    registry = build_default_registry(settings)
  File "D:\async-ocr-rag-multimodal-pipeline\ai-worker\app\capabilities\registry.py", line 192, in build_default_registry
    log.warning(
Message: 'MULTIMODAL capability NOT registered: OCR capability is unavailable. MULTIMODAL v1 reuses the OCR provider \u2014 enable and fix OCR first, then restart the worker. MOCK, RAG remain registered.'
Arguments: ()
