[INFO] Scanning for projects...
[INFO] 
[INFO] ----------------------< com.aipipeline:core-api >-----------------------
[INFO] Building core-api 0.1.0-SNAPSHOT
[INFO]   from pom.xml
[INFO] --------------------------------[ jar ]---------------------------------
[INFO] 
[INFO] >>> spring-boot:4.0.3:run (default-cli) > test-compile @ core-api >>>
[INFO] 
[INFO] --- resources:3.3.1:resources (default-resources) @ core-api ---
[INFO] Copying 1 resource from src\main\resources to target\classes
[INFO] Copying 8 resources from src\main\resources to target\classes
[INFO] 
[INFO] --- compiler:3.14.1:compile (default-compile) @ core-api ---
[INFO] Nothing to compile - all classes are up to date.
[INFO] 
[INFO] --- resources:3.3.1:testResources (default-testResources) @ core-api ---
[INFO] skip non existing resourceDirectory D:\async-ocr-rag-multimodal-pipeline\core-api\src\test\resources
[INFO] 
[INFO] --- compiler:3.14.1:testCompile (default-testCompile) @ core-api ---
[INFO] Nothing to compile - all classes are up to date.
[INFO] 
[INFO] <<< spring-boot:4.0.3:run (default-cli) < test-compile @ core-api <<<
[INFO] 
[INFO] 
[INFO] --- spring-boot:4.0.3:run (default-cli) @ core-api ---
[INFO] Attaching agents: []

  .   ____          _            __ _ _
 /\\ / ___'_ __ _ _(_)_ __  __ _ \ \ \ \
( ( )\___ | '_ | '_| | '_ \/ _` | \ \ \ \
 \\/  ___)| |_)| | | | | || (_| |  ) ) ) )
  '  |____| .__|_| |_|_| |_\__, | / / / /
 =========|_|==============|___/=/_/_/_/

 :: Spring Boot ::                (v4.0.3)

2026-05-03T21:23:59.755+09:00  INFO 5824 --- [core-api] [           main] c.aipipeline.coreapi.CoreApiApplication  : Starting CoreApiApplication using Java 21.0.8 with PID 5824 (D:\async-ocr-rag-multimodal-pipeline\core-api\target\classes started by sfr99 in D:\async-ocr-rag-multimodal-pipeline\core-api)
2026-05-03T21:23:59.756+09:00  INFO 5824 --- [core-api] [           main] c.aipipeline.coreapi.CoreApiApplication  : No active profile set, falling back to 1 default profile: "default"
2026-05-03T21:24:00.154+09:00  INFO 5824 --- [core-api] [           main] .s.d.r.c.RepositoryConfigurationDelegate : Multiple Spring Data modules found, entering strict repository configuration mode
2026-05-03T21:24:00.156+09:00  INFO 5824 --- [core-api] [           main] .s.d.r.c.RepositoryConfigurationDelegate : Bootstrapping Spring Data JPA repositories in DEFAULT mode.
2026-05-03T21:24:00.232+09:00  INFO 5824 --- [core-api] [           main] .s.d.r.c.RepositoryConfigurationDelegate : Finished Spring Data repository scanning in 72 ms. Found 13 JPA repository interfaces.
2026-05-03T21:24:00.253+09:00  INFO 5824 --- [core-api] [           main] .s.d.r.c.RepositoryConfigurationDelegate : Multiple Spring Data modules found, entering strict repository configuration mode
2026-05-03T21:24:00.259+09:00  INFO 5824 --- [core-api] [           main] .s.d.r.c.RepositoryConfigurationDelegate : Bootstrapping Spring Data Redis repositories in DEFAULT mode.
2026-05-03T21:24:00.270+09:00  INFO 5824 --- [core-api] [           main] .RepositoryConfigurationExtensionSupport : Spring Data Redis - Could not safely identify store assignment for repository candidate interface com.aipipeline.coreapi.artifact.adapter.out.persistence.ArtifactJpaRepository; If you want this repository to be a Redis repository, consider annotating your entities with one of these annotations: org.springframework.data.redis.core.RedisHash (preferred), or consider extending one of the following types with your repository: org.springframework.data.keyvalue.repository.KeyValueRepository
2026-05-03T21:24:00.271+09:00  INFO 5824 --- [core-api] [           main] .RepositoryConfigurationExtensionSupport : Spring Data Redis - Could not safely identify store assignment for repository candidate interface com.aipipeline.coreapi.catalog.adapter.out.persistence.CellMetadataJpaRepository; If you want this repository to be a Redis repository, consider annotating your entities with one of these annotations: org.springframework.data.redis.core.RedisHash (preferred), or consider extending one of the following types with your repository: org.springframework.data.keyvalue.repository.KeyValueRepository
2026-05-03T21:24:00.272+09:00  INFO 5824 --- [core-api] [           main] .RepositoryConfigurationExtensionSupport : Spring Data Redis - Could not safely identify store assignment for repository candidate interface com.aipipeline.coreapi.catalog.adapter.out.persistence.DocumentV2JpaRepository; If you want this repository to be a Redis repository, consider annotating your entities with one of these annotations: org.springframework.data.redis.core.RedisHash (preferred), or consider extending one of the following types with your repository: org.springframework.data.keyvalue.repository.KeyValueRepository
2026-05-03T21:24:00.272+09:00  INFO 5824 --- [core-api] [           main] .RepositoryConfigurationExtensionSupport : Spring Data Redis - Could not safely identify store assignment for repository candidate interface com.aipipeline.coreapi.catalog.adapter.out.persistence.DocumentVersionJpaRepository; If you want this repository to be a Redis repository, consider annotating your entities with one of these annotations: org.springframework.data.redis.core.RedisHash (preferred), or consider extending one of the following types with your repository: org.springframework.data.keyvalue.repository.KeyValueRepository
2026-05-03T21:24:00.273+09:00  INFO 5824 --- [core-api] [           main] .RepositoryConfigurationExtensionSupport : Spring Data Redis - Could not safely identify store assignment for repository candidate interface com.aipipeline.coreapi.catalog.adapter.out.persistence.EvalResultJpaRepository; If you want this repository to be a Redis repository, consider annotating your entities with one of these annotations: org.springframework.data.redis.core.RedisHash (preferred), or consider extending one of the following types with your repository: org.springframework.data.keyvalue.repository.KeyValueRepository
2026-05-03T21:24:00.273+09:00  INFO 5824 --- [core-api] [           main] .RepositoryConfigurationExtensionSupport : Spring Data Redis - Could not safely identify store assignment for repository candidate interface com.aipipeline.coreapi.catalog.adapter.out.persistence.ExtractedArtifactJpaRepository; If you want this repository to be a Redis repository, consider annotating your entities with one of these annotations: org.springframework.data.redis.core.RedisHash (preferred), or consider extending one of the following types with your repository: org.springframework.data.keyvalue.repository.KeyValueRepository
2026-05-03T21:24:00.274+09:00  INFO 5824 --- [core-api] [           main] .RepositoryConfigurationExtensionSupport : Spring Data Redis - Could not safely identify store assignment for repository candidate interface com.aipipeline.coreapi.catalog.adapter.out.persistence.IndexBuildJpaRepository; If you want this repository to be a Redis repository, consider annotating your entities with one of these annotations: org.springframework.data.redis.core.RedisHash (preferred), or consider extending one of the following types with your repository: org.springframework.data.keyvalue.repository.KeyValueRepository
2026-05-03T21:24:00.276+09:00  INFO 5824 --- [core-api] [           main] .RepositoryConfigurationExtensionSupport : Spring Data Redis - Could not safely identify store assignment for repository candidate interface com.aipipeline.coreapi.catalog.adapter.out.persistence.ParsedArtifactV2JpaRepository; If you want this repository to be a Redis repository, consider annotating your entities with one of these annotations: org.springframework.data.redis.core.RedisHash (preferred), or consider extending one of the following types with your repository: org.springframework.data.keyvalue.repository.KeyValueRepository
2026-05-03T21:24:00.277+09:00  INFO 5824 --- [core-api] [           main] .RepositoryConfigurationExtensionSupport : Spring Data Redis - Could not safely identify store assignment for repository candidate interface com.aipipeline.coreapi.catalog.adapter.out.persistence.PdfPageMetadataJpaRepository; If you want this repository to be a Redis repository, consider annotating your entities with one of these annotations: org.springframework.data.redis.core.RedisHash (preferred), or consider extending one of the following types with your repository: org.springframework.data.keyvalue.repository.KeyValueRepository
2026-05-03T21:24:00.277+09:00  INFO 5824 --- [core-api] [           main] .RepositoryConfigurationExtensionSupport : Spring Data Redis - Could not safely identify store assignment for repository candidate interface com.aipipeline.coreapi.catalog.adapter.out.persistence.SearchUnitJpaRepository; If you want this repository to be a Redis repository, consider annotating your entities with one of these annotations: org.springframework.data.redis.core.RedisHash (preferred), or consider extending one of the following types with your repository: org.springframework.data.keyvalue.repository.KeyValueRepository
2026-05-03T21:24:00.278+09:00  INFO 5824 --- [core-api] [           main] .RepositoryConfigurationExtensionSupport : Spring Data Redis - Could not safely identify store assignment for repository candidate interface com.aipipeline.coreapi.catalog.adapter.out.persistence.SourceFileJpaRepository; If you want this repository to be a Redis repository, consider annotating your entities with one of these annotations: org.springframework.data.redis.core.RedisHash (preferred), or consider extending one of the following types with your repository: org.springframework.data.keyvalue.repository.KeyValueRepository
2026-05-03T21:24:00.279+09:00  INFO 5824 --- [core-api] [           main] .RepositoryConfigurationExtensionSupport : Spring Data Redis - Could not safely identify store assignment for repository candidate interface com.aipipeline.coreapi.catalog.adapter.out.persistence.TableMetadataJpaRepository; If you want this repository to be a Redis repository, consider annotating your entities with one of these annotations: org.springframework.data.redis.core.RedisHash (preferred), or consider extending one of the following types with your repository: org.springframework.data.keyvalue.repository.KeyValueRepository
2026-05-03T21:24:00.279+09:00  INFO 5824 --- [core-api] [           main] .RepositoryConfigurationExtensionSupport : Spring Data Redis - Could not safely identify store assignment for repository candidate interface com.aipipeline.coreapi.job.adapter.out.persistence.JobJpaRepository; If you want this repository to be a Redis repository, consider annotating your entities with one of these annotations: org.springframework.data.redis.core.RedisHash (preferred), or consider extending one of the following types with your repository: org.springframework.data.keyvalue.repository.KeyValueRepository
2026-05-03T21:24:00.279+09:00  INFO 5824 --- [core-api] [           main] .s.d.r.c.RepositoryConfigurationDelegate : Finished Spring Data repository scanning in 16 ms. Found 0 Redis repository interfaces.
2026-05-03T21:24:00.529+09:00  INFO 5824 --- [core-api] [           main] o.s.boot.tomcat.TomcatWebServer          : Tomcat initialized with port 8080 (http)
2026-05-03T21:24:00.537+09:00  INFO 5824 --- [core-api] [           main] o.apache.catalina.core.StandardService   : Starting service [Tomcat]
2026-05-03T21:24:00.538+09:00  INFO 5824 --- [core-api] [           main] o.apache.catalina.core.StandardEngine    : Starting Servlet engine: [Apache Tomcat/11.0.18]
2026-05-03T21:24:00.569+09:00  INFO 5824 --- [core-api] [           main] b.w.c.s.WebApplicationContextInitializer : Root WebApplicationContext: initialization completed in 789 ms
2026-05-03T21:24:00.764+09:00  INFO 5824 --- [core-api] [           main] com.zaxxer.hikari.HikariDataSource       : HikariPool-1 - Starting...
2026-05-03T21:24:00.834+09:00  INFO 5824 --- [core-api] [           main] com.zaxxer.hikari.pool.HikariPool        : HikariPool-1 - Added connection org.postgresql.jdbc.PgConnection@7be7c052
2026-05-03T21:24:00.835+09:00  INFO 5824 --- [core-api] [           main] com.zaxxer.hikari.HikariDataSource       : HikariPool-1 - Start completed.
2026-05-03T21:24:00.847+09:00  INFO 5824 --- [core-api] [           main] org.flywaydb.core.FlywayExecutor         : Database: jdbc:postgresql://localhost:5433/aipipeline (PostgreSQL 18.3)
2026-05-03T21:24:00.955+09:00  INFO 5824 --- [core-api] [           main] o.f.core.internal.command.DbValidate     : Successfully validated 8 migrations (execution time 00:00.018s)
2026-05-03T21:24:00.968+09:00  INFO 5824 --- [core-api] [           main] o.f.core.internal.command.DbMigrate      : Current version of schema "public": 8
2026-05-03T21:24:00.971+09:00  INFO 5824 --- [core-api] [           main] o.f.core.internal.command.DbMigrate      : Schema "public" is up to date. No migration necessary.
2026-05-03T21:24:01.020+09:00  INFO 5824 --- [core-api] [           main] org.hibernate.orm.jpa                    : HHH008540: Processing PersistenceUnitInfo [name: default]
2026-05-03T21:24:01.043+09:00  INFO 5824 --- [core-api] [           main] org.hibernate.orm.core                   : HHH000001: Hibernate ORM core version 7.2.4.Final
2026-05-03T21:24:01.220+09:00  INFO 5824 --- [core-api] [           main] o.s.o.j.p.SpringPersistenceUnitInfo      : No LoadTimeWeaver setup: ignoring JPA class transformer
2026-05-03T21:24:01.298+09:00  INFO 5824 --- [core-api] [           main] org.hibernate.orm.connections.pooling    : HHH10001005: Database info:
	Database JDBC URL [jdbc:postgresql://localhost:5433/aipipeline]
	Database driver: PostgreSQL JDBC Driver
	Database dialect: PostgreSQLDialect
	Database version: 18.3
	Default catalog/schema: aipipeline/public
	Autocommit mode: undefined/unknown
	Isolation level: READ_COMMITTED [default READ_COMMITTED]
	JDBC fetch size: none
	Pool: DataSourceConnectionProvider
	Minimum pool size: undefined/unknown
	Maximum pool size: undefined/unknown
2026-05-03T21:24:01.806+09:00  INFO 5824 --- [core-api] [           main] org.hibernate.orm.core                   : HHH000489: No JTA platform available (set 'hibernate.transaction.jta.platform' to enable JTA platform integration)
2026-05-03T21:24:01.967+09:00  INFO 5824 --- [core-api] [           main] j.LocalContainerEntityManagerFactoryBean : Initialized JPA EntityManagerFactory for persistence unit 'default'
2026-05-03T21:24:02.006+09:00  INFO 5824 --- [core-api] [           main] o.s.d.j.r.query.QueryEnhancerFactories   : Hibernate is in classpath; If applicable, HQL parser will be used.
2026-05-03T21:24:02.078+09:00  INFO 5824 --- [core-api] [           main] .c.s.a.o.l.LocalFilesystemStorageAdapter : Local storage root: D:\async-ocr-rag-multimodal-pipeline\local-storage
2026-05-03T21:24:03.216+09:00  INFO 5824 --- [core-api] [           main] o.s.b.a.e.web.EndpointLinksResolver      : Exposing 2 endpoints beneath base path '/actuator'
2026-05-03T21:24:03.247+09:00  INFO 5824 --- [core-api] [           main] o.s.boot.tomcat.TomcatWebServer          : Tomcat started on port 8080 (http) with context path '/'
2026-05-03T21:24:03.253+09:00  INFO 5824 --- [core-api] [           main] c.aipipeline.coreapi.CoreApiApplication  : Started CoreApiApplication in 3.707 seconds (process running for 3.968)
2026-05-03T21:24:03.349+09:00  INFO 5824 --- [core-api] [nio-8080-exec-1] o.a.c.c.C.[Tomcat].[localhost].[/]       : Initializing Spring DispatcherServlet 'dispatcherServlet'
2026-05-03T21:24:03.349+09:00  INFO 5824 --- [core-api] [nio-8080-exec-1] o.s.web.servlet.DispatcherServlet        : Initializing Servlet 'dispatcherServlet'
2026-05-03T21:24:03.351+09:00  INFO 5824 --- [core-api] [nio-8080-exec-1] o.s.web.servlet.DispatcherServlet        : Completed initialization in 0 ms
2026-05-03T21:24:56.825+09:00  INFO 5824 --- [core-api] [nio-8080-exec-6] c.a.c.q.a.o.r.RedisJobDispatchAdapter    : Dispatched job 523c4975-e743-4d46-8d9e-369557be4243 onto aipipeline:jobs:pending
2026-05-03T21:24:56.848+09:00  WARN 5824 --- [core-api] [nio-8080-exec-9] c.a.c.c.w.InternalSecretAuthInterceptor  : aipipeline.internal.secret is not configured — /api/internal/** requests are unauthenticated (dev mode)
2026-05-03T21:24:56.917+09:00  INFO 5824 --- [core-api] [nio-8080-exec-9] c.a.c.j.a.service.JobExecutionService    : Claim granted jobId=523c4975-e743-4d46-8d9e-369557be4243 workerToken=worker-local-1
2026-05-03T21:25:08.726+09:00  INFO 5824 --- [core-api] [nio-8080-exec-6] c.a.c.j.a.service.JobExecutionService    : Callback applied jobId=523c4975-e743-4d46-8d9e-369557be4243 outcome=SUCCEEDED status=SUCCEEDED
2026-05-03T21:25:13.179+09:00  INFO 5824 --- [core-api] [io-8080-exec-10] c.a.c.q.a.o.r.RedisJobDispatchAdapter    : Dispatched job df179202-15a7-4fb8-ba82-bf9457b1db55 onto aipipeline:jobs:pending
2026-05-03T21:25:13.188+09:00  INFO 5824 --- [core-api] [nio-8080-exec-1] c.a.c.j.a.service.JobExecutionService    : Claim granted jobId=df179202-15a7-4fb8-ba82-bf9457b1db55 workerToken=worker-local-1
2026-05-03T21:25:40.729+09:00  INFO 5824 --- [core-api] [nio-8080-exec-8] c.a.c.j.a.service.JobExecutionService    : Callback applied jobId=df179202-15a7-4fb8-ba82-bf9457b1db55 outcome=SUCCEEDED status=SUCCEEDED
2026-05-03T21:25:44.628+09:00  INFO 5824 --- [core-api] [nio-8080-exec-1] c.a.c.q.a.o.r.RedisJobDispatchAdapter    : Dispatched job a1638498-0f88-417c-9930-901961a580fe onto aipipeline:jobs:pending
2026-05-03T21:25:44.636+09:00  INFO 5824 --- [core-api] [nio-8080-exec-3] c.a.c.j.a.service.JobExecutionService    : Claim granted jobId=a1638498-0f88-417c-9930-901961a580fe workerToken=worker-local-1
2026-05-03T21:26:05.133+09:00  INFO 5824 --- [core-api] [nio-8080-exec-2] c.a.c.j.a.service.JobExecutionService    : Callback applied jobId=a1638498-0f88-417c-9930-901961a580fe outcome=SUCCEEDED status=SUCCEEDED
2026-05-03T21:26:08.992+09:00  INFO 5824 --- [core-api] [nio-8080-exec-5] c.a.c.q.a.o.r.RedisJobDispatchAdapter    : Dispatched job 32707af0-a8b9-4f46-802c-c60be7c932e4 onto aipipeline:jobs:pending
2026-05-03T21:26:08.999+09:00  INFO 5824 --- [core-api] [nio-8080-exec-9] c.a.c.j.a.service.JobExecutionService    : Claim granted jobId=32707af0-a8b9-4f46-802c-c60be7c932e4 workerToken=worker-local-1
2026-05-03T21:26:26.032+09:00  INFO 5824 --- [core-api] [io-8080-exec-10] c.a.c.j.a.service.JobExecutionService    : Callback applied jobId=32707af0-a8b9-4f46-802c-c60be7c932e4 outcome=SUCCEEDED status=SUCCEEDED
2026-05-03T21:26:29.346+09:00  INFO 5824 --- [core-api] [nio-8080-exec-5] c.a.c.q.a.o.r.RedisJobDispatchAdapter    : Dispatched job 90e9e688-5025-4a83-a8fe-163247fd7677 onto aipipeline:jobs:pending
2026-05-03T21:26:29.357+09:00  INFO 5824 --- [core-api] [nio-8080-exec-6] c.a.c.j.a.service.JobExecutionService    : Claim granted jobId=90e9e688-5025-4a83-a8fe-163247fd7677 workerToken=worker-local-1
2026-05-03T21:26:54.414+09:00  INFO 5824 --- [core-api] [nio-8080-exec-9] c.a.c.j.a.service.JobExecutionService    : Callback applied jobId=90e9e688-5025-4a83-a8fe-163247fd7677 outcome=SUCCEEDED status=SUCCEEDED
2026-05-03T21:26:57.720+09:00  INFO 5824 --- [core-api] [io-8080-exec-10] c.a.c.q.a.o.r.RedisJobDispatchAdapter    : Dispatched job 9f4b6225-8e63-43eb-a823-26aa1962a7f4 onto aipipeline:jobs:pending
2026-05-03T21:26:57.726+09:00  INFO 5824 --- [core-api] [nio-8080-exec-7] c.a.c.j.a.service.JobExecutionService    : Claim granted jobId=9f4b6225-8e63-43eb-a823-26aa1962a7f4 workerToken=worker-local-1
2026-05-03T21:26:58.053+09:00  INFO 5824 --- [core-api] [nio-8080-exec-4] c.a.c.j.a.service.JobExecutionService    : Callback applied jobId=9f4b6225-8e63-43eb-a823-26aa1962a7f4 outcome=SUCCEEDED status=SUCCEEDED
2026-05-03T21:26:58.986+09:00  INFO 5824 --- [core-api] [nio-8080-exec-3] c.a.c.q.a.o.r.RedisJobDispatchAdapter    : Dispatched job 2b2e1489-64a9-4344-a8be-697bb648876a onto aipipeline:jobs:pending
2026-05-03T21:26:59.043+09:00  INFO 5824 --- [core-api] [io-8080-exec-10] c.a.c.j.a.service.JobExecutionService    : Claim granted jobId=2b2e1489-64a9-4344-a8be-697bb648876a workerToken=worker-local-1
2026-05-03T21:27:08.432+09:00  INFO 5824 --- [core-api] [nio-8080-exec-9] c.a.c.j.a.service.JobExecutionService    : Callback applied jobId=2b2e1489-64a9-4344-a8be-697bb648876a outcome=SUCCEEDED status=SUCCEEDED
2026-05-03T21:27:10.284+09:00  INFO 5824 --- [core-api] [nio-8080-exec-3] c.a.c.q.a.o.r.RedisJobDispatchAdapter    : Dispatched job 6b621891-3431-4bb0-96fd-ad374e5a3002 onto aipipeline:jobs:pending
2026-05-03T21:27:10.291+09:00  INFO 5824 --- [core-api] [nio-8080-exec-5] c.a.c.j.a.service.JobExecutionService    : Claim granted jobId=6b621891-3431-4bb0-96fd-ad374e5a3002 workerToken=worker-local-1
2026-05-03T21:27:11.295+09:00  INFO 5824 --- [core-api] [nio-8080-exec-1] c.a.c.j.a.service.JobExecutionService    : Callback applied jobId=6b621891-3431-4bb0-96fd-ad374e5a3002 outcome=SUCCEEDED status=SUCCEEDED
2026-05-03T21:27:21.558+09:00  INFO 5824 --- [core-api] [io-8080-exec-10] c.a.c.q.a.o.r.RedisJobDispatchAdapter    : Dispatched job 7126bf74-33cf-47d5-b352-8383d3786b3e onto aipipeline:jobs:pending
2026-05-03T21:27:21.589+09:00  INFO 5824 --- [core-api] [nio-8080-exec-6] c.a.c.j.a.service.JobExecutionService    : Claim granted jobId=7126bf74-33cf-47d5-b352-8383d3786b3e workerToken=worker-local-1
2026-05-03T21:27:21.861+09:00  INFO 5824 --- [core-api] [nio-8080-exec-1] c.a.c.j.a.service.JobExecutionService    : Callback applied jobId=7126bf74-33cf-47d5-b352-8383d3786b3e outcome=SUCCEEDED status=SUCCEEDED
2026-05-03T21:27:43.902+09:00  INFO 5824 --- [core-api] [nio-8080-exec-5] c.a.c.q.a.o.r.RedisJobDispatchAdapter    : Dispatched job adea89e4-53ee-411c-be08-814a4b963468 onto aipipeline:jobs:pending
2026-05-03T21:27:43.926+09:00  INFO 5824 --- [core-api] [nio-8080-exec-6] c.a.c.j.a.service.JobExecutionService    : Claim granted jobId=adea89e4-53ee-411c-be08-814a4b963468 workerToken=worker-local-1
2026-05-03T21:27:55.724+09:00  INFO 5824 --- [core-api] [nio-8080-exec-1] c.a.c.j.a.service.JobExecutionService    : Callback applied jobId=adea89e4-53ee-411c-be08-814a4b963468 outcome=SUCCEEDED status=SUCCEEDED
2026-05-03T21:27:56.197+09:00  INFO 5824 --- [core-api] [nio-8080-exec-5] c.a.c.q.a.o.r.RedisJobDispatchAdapter    : Dispatched job 1c0bfafe-04d6-47f2-a491-e8f2bd8de865 onto aipipeline:jobs:pending
2026-05-03T21:27:56.203+09:00  INFO 5824 --- [core-api] [nio-8080-exec-7] c.a.c.j.a.service.JobExecutionService    : Claim granted jobId=1c0bfafe-04d6-47f2-a491-e8f2bd8de865 workerToken=worker-local-1
2026-05-03T21:28:07.068+09:00  INFO 5824 --- [core-api] [nio-8080-exec-4] c.a.c.j.a.service.JobExecutionService    : Callback applied jobId=1c0bfafe-04d6-47f2-a491-e8f2bd8de865 outcome=SUCCEEDED status=SUCCEEDED
2026-05-03T21:28:07.483+09:00  INFO 5824 --- [core-api] [io-8080-exec-10] c.a.c.q.a.o.r.RedisJobDispatchAdapter    : Dispatched job da07092e-5f50-48fb-a5c9-1c8ae2a3c318 onto aipipeline:jobs:pending
2026-05-03T21:28:07.489+09:00  INFO 5824 --- [core-api] [nio-8080-exec-5] c.a.c.j.a.service.JobExecutionService    : Claim granted jobId=da07092e-5f50-48fb-a5c9-1c8ae2a3c318 workerToken=worker-local-1
2026-05-03T21:28:18.707+09:00  INFO 5824 --- [core-api] [nio-8080-exec-9] c.a.c.j.a.service.JobExecutionService    : Callback applied jobId=da07092e-5f50-48fb-a5c9-1c8ae2a3c318 outcome=SUCCEEDED status=SUCCEEDED
2026-05-03T21:28:19.754+09:00  INFO 5824 --- [core-api] [io-8080-exec-10] c.a.c.q.a.o.r.RedisJobDispatchAdapter    : Dispatched job 5a86e2d3-53c8-4fcd-a47c-88d25cdc4d6e onto aipipeline:jobs:pending
2026-05-03T21:28:19.761+09:00  INFO 5824 --- [core-api] [nio-8080-exec-6] c.a.c.j.a.service.JobExecutionService    : Claim granted jobId=5a86e2d3-53c8-4fcd-a47c-88d25cdc4d6e workerToken=worker-local-1
2026-05-03T21:28:29.890+09:00  INFO 5824 --- [core-api] [nio-8080-exec-2] c.a.c.j.a.service.JobExecutionService    : Callback applied jobId=5a86e2d3-53c8-4fcd-a47c-88d25cdc4d6e outcome=SUCCEEDED status=SUCCEEDED
2026-05-03T21:28:31.048+09:00  INFO 5824 --- [core-api] [nio-8080-exec-3] c.a.c.q.a.o.r.RedisJobDispatchAdapter    : Dispatched job e26ff151-c698-494d-aff6-7983fa004f76 onto aipipeline:jobs:pending
2026-05-03T21:28:31.055+09:00  INFO 5824 --- [core-api] [io-8080-exec-10] c.a.c.j.a.service.JobExecutionService    : Claim granted jobId=e26ff151-c698-494d-aff6-7983fa004f76 workerToken=worker-local-1
2026-05-03T21:28:41.754+09:00  INFO 5824 --- [core-api] [nio-8080-exec-8] c.a.c.j.a.service.JobExecutionService    : Callback applied jobId=e26ff151-c698-494d-aff6-7983fa004f76 outcome=SUCCEEDED status=SUCCEEDED
2026-05-03T21:28:42.359+09:00  INFO 5824 --- [core-api] [nio-8080-exec-1] c.a.c.q.a.o.r.RedisJobDispatchAdapter    : Dispatched job 3c4f7ef6-a1a4-4d5a-b899-b8405a4491ce onto aipipeline:jobs:pending
2026-05-03T21:28:42.367+09:00  INFO 5824 --- [core-api] [nio-8080-exec-3] c.a.c.j.a.service.JobExecutionService    : Claim granted jobId=3c4f7ef6-a1a4-4d5a-b899-b8405a4491ce workerToken=worker-local-1
2026-05-03T21:28:53.703+09:00  INFO 5824 --- [core-api] [nio-8080-exec-7] c.a.c.j.a.service.JobExecutionService    : Callback applied jobId=3c4f7ef6-a1a4-4d5a-b899-b8405a4491ce outcome=SUCCEEDED status=SUCCEEDED
2026-05-03T21:28:54.695+09:00  INFO 5824 --- [core-api] [nio-8080-exec-1] c.a.c.q.a.o.r.RedisJobDispatchAdapter    : Dispatched job 53ad6ef4-19bc-4fa5-a9e8-fa7ea053a485 onto aipipeline:jobs:pending
2026-05-03T21:28:54.702+09:00  INFO 5824 --- [core-api] [nio-8080-exec-5] c.a.c.j.a.service.JobExecutionService    : Claim granted jobId=53ad6ef4-19bc-4fa5-a9e8-fa7ea053a485 workerToken=worker-local-1
2026-05-03T21:29:05.237+09:00  INFO 5824 --- [core-api] [nio-8080-exec-4] c.a.c.j.a.service.JobExecutionService    : Callback applied jobId=53ad6ef4-19bc-4fa5-a9e8-fa7ea053a485 outcome=SUCCEEDED status=SUCCEEDED
2026-05-03T21:29:06.172+09:00  INFO 5824 --- [core-api] [nio-8080-exec-9] c.a.c.q.a.o.r.RedisJobDispatchAdapter    : Dispatched job 7f78bab0-adf8-4b23-8181-51c3c62dc9ec onto aipipeline:jobs:pending
2026-05-03T21:29:06.208+09:00  INFO 5824 --- [core-api] [nio-8080-exec-1] c.a.c.j.a.service.JobExecutionService    : Claim granted jobId=7f78bab0-adf8-4b23-8181-51c3c62dc9ec workerToken=worker-local-1
2026-05-03T21:29:16.182+09:00  INFO 5824 --- [core-api] [nio-8080-exec-6] c.a.c.j.a.service.JobExecutionService    : Callback applied jobId=7f78bab0-adf8-4b23-8181-51c3c62dc9ec outcome=SUCCEEDED status=SUCCEEDED
