warning: in the working copy of 'ai-worker/app/capabilities/ocr/paddle_provider.py', LF will be replaced by CRLF the next time Git touches it
warning: in the working copy of 'ai-worker/app/capabilities/rag/search_unit_indexing.py', LF will be replaced by CRLF the next time Git touches it
warning: in the working copy of 'ai-worker/app/capabilities/registry.py', LF will be replaced by CRLF the next time Git touches it
warning: in the working copy of 'ai-worker/app/capabilities/xlsx/service.py', LF will be replaced by CRLF the next time Git touches it
warning: in the working copy of 'ai-worker/app/clients/schemas.py', LF will be replaced by CRLF the next time Git touches it
warning: in the working copy of 'ai-worker/app/core/config.py', LF will be replaced by CRLF the next time Git touches it
warning: in the working copy of 'ai-worker/app/services/search_unit_indexing_loop.py', LF will be replaced by CRLF the next time Git touches it
warning: in the working copy of 'ai-worker/pyproject.toml', LF will be replaced by CRLF the next time Git touches it
warning: in the working copy of 'ai-worker/requirements.txt', LF will be replaced by CRLF the next time Git touches it
warning: in the working copy of 'ai-worker/tests/test_ocr_extract_capability.py', LF will be replaced by CRLF the next time Git touches it
warning: in the working copy of 'ai-worker/tests/test_search_unit_indexing_loop.py', LF will be replaced by CRLF the next time Git touches it
warning: in the working copy of 'ai-worker/tests/test_xlsx_extract_capability.py', LF will be replaced by CRLF the next time Git touches it
warning: in the working copy of 'core-api/src/main/java/com/aipipeline/coreapi/artifact/domain/ArtifactType.java', LF will be replaced by CRLF the next time Git touches it
warning: in the working copy of 'core-api/src/main/java/com/aipipeline/coreapi/catalog/adapter/in/web/DocumentCatalogController.java', LF will be replaced by CRLF the next time Git touches it
warning: in the working copy of 'core-api/src/main/java/com/aipipeline/coreapi/catalog/adapter/in/web/SearchUnitIndexingController.java', LF will be replaced by CRLF the next time Git touches it
warning: in the working copy of 'core-api/src/main/java/com/aipipeline/coreapi/catalog/adapter/out/persistence/SearchUnitJpaEntity.java', LF will be replaced by CRLF the next time Git touches it
warning: in the working copy of 'core-api/src/main/java/com/aipipeline/coreapi/catalog/adapter/out/persistence/SearchUnitJpaRepository.java', LF will be replaced by CRLF the next time Git touches it
warning: in the working copy of 'core-api/src/main/java/com/aipipeline/coreapi/catalog/application/service/DocumentCatalogService.java', LF will be replaced by CRLF the next time Git touches it
warning: in the working copy of 'core-api/src/main/java/com/aipipeline/coreapi/catalog/application/service/SearchUnitIndexingService.java', LF will be replaced by CRLF the next time Git touches it
warning: in the working copy of 'core-api/src/main/java/com/aipipeline/coreapi/common/web/GlobalExceptionHandler.java', LF will be replaced by CRLF the next time Git touches it
warning: in the working copy of 'core-api/src/main/java/com/aipipeline/coreapi/job/application/service/JobCommandService.java', LF will be replaced by CRLF the next time Git touches it
warning: in the working copy of 'core-api/src/main/java/com/aipipeline/coreapi/job/application/service/JobExecutionService.java', LF will be replaced by CRLF the next time Git touches it
warning: in the working copy of 'core-api/src/main/java/com/aipipeline/coreapi/job/application/service/JobSubmissionValidator.java', LF will be replaced by CRLF the next time Git touches it
warning: in the working copy of 'core-api/src/main/java/com/aipipeline/coreapi/job/domain/JobCapability.java', LF will be replaced by CRLF the next time Git touches it
warning: in the working copy of 'core-api/src/main/java/com/aipipeline/coreapi/queue/adapter/out/redis/RedisJobDispatchAdapter.java', LF will be replaced by CRLF the next time Git touches it
warning: in the working copy of 'core-api/src/main/resources/application.yml', LF will be replaced by CRLF the next time Git touches it
warning: in the working copy of 'core-api/src/test/java/com/aipipeline/coreapi/catalog/adapter/in/web/DocumentCatalogControllerTest.java', LF will be replaced by CRLF the next time Git touches it
warning: in the working copy of 'core-api/src/test/java/com/aipipeline/coreapi/catalog/adapter/in/web/SearchUnitIndexingControllerTest.java', LF will be replaced by CRLF the next time Git touches it
warning: in the working copy of 'core-api/src/test/java/com/aipipeline/coreapi/catalog/application/service/DocumentCatalogServiceTest.java', LF will be replaced by CRLF the next time Git touches it
warning: in the working copy of 'core-api/src/test/java/com/aipipeline/coreapi/catalog/application/service/SearchUnitIndexingServiceTest.java', LF will be replaced by CRLF the next time Git touches it
warning: in the working copy of 'core-api/src/test/java/com/aipipeline/coreapi/job/application/service/JobSubmissionValidatorTest.java', LF will be replaced by CRLF the next time Git touches it
warning: in the working copy of 'core-api/src/test/java/com/aipipeline/coreapi/queue/adapter/out/redis/RedisJobDispatchAdapterTest.java', LF will be replaced by CRLF the next time Git touches it
