{
  "run_id": "2026-05-03T135700Z",
  "manifest": "samples\\rag_pdf_ingestion_manifest.json",
  "total_samples": 8,
  "passed": 8,
  "failed": 0,
  "samples": [
    {
      "sample_id": "pdf_economic_trends_2021_03",
      "bucket": "pdf_native_text",
      "status": "PASSED",
      "source_file_id": "2847f7af-cfe4-41de-8393-58912df2dba9",
      "job_id": "19d1c281-1b21-4121-8e1b-6222718c7376",
      "search_unit_count": 2866,
      "missing_required_metadata_count": 0,
      "warnings": [],
      "errors": [],
      "parsing_latency_seconds": 31.641,
      "job_status": "SUCCEEDED",
      "indexing_latency_seconds": 0.139,
      "sample_units": [
        {
          "unit_type": "CHUNK",
          "chunk_type": "paragraph",
          "parser_name": "pymupdf+paddleocr",
          "citation_text": "2021_03_recent_economic_trends.pdf > p.1 > bbox [116.16,231.68,438.87,269.7]",
          "location_json": {
            "bbox": [
              116.16,
              231.68,
              438.87,
              269.7
            ],
            "type": "pdf",
            "page_no": 1,
            "ocr_used": true,
            "ocr_model": "PaddleOCR",
            "block_type": "paragraph",
            "ocr_engine": "paddleocr",
            "page_label": "1",
            "ocr_language": "en",
            "ocr_confidence": null,
            "document_version_id": "docv_fe2470815512a395",
            "physical_page_index": 0
          },
          "parser_version": "pdf-extract-v2"
        },
        {
          "unit_type": "CHUNK",
          "chunk_type": "paragraph",
          "parser_name": "pymupdf+paddleocr",
          "citation_text": "2021_03_recent_economic_trends.pdf > p.1 > bbox [236.99,459.81,317.78,481.03]",
          "location_json": {
            "bbox": [
              236.99,
              459.81,
              317.78,
              481.03
            ],
            "type": "pdf",
            "page_no": 1,
            "ocr_used": true,
            "ocr_model": "PaddleOCR",
            "block_type": "paragraph",
            "ocr_engine": "paddleocr",
            "page_label": "1",
            "ocr_language": "en",
            "ocr_confidence": null,
            "document_version_id": "docv_fe2470815512a395",
            "physical_page_index": 0
          },
          "parser_version": "pdf-extract-v2"
        },
        {
          "unit_type": "CHUNK",
          "chunk_type": "ocr_line_group",
          "parser_name": "pymupdf+paddleocr",
          "citation_text": "2021_03_recent_economic_trends.pdf > p.1 > bbox [308.0,622.0,1130.0,767.0]",
          "location_json": {
            "bbox": [
              308.0,
              622.0,
              1130.0,
              767.0
            ],
            "type": "pdf",
            "page_no": 1,
            "ocr_used": true,
            "ocr_model": "PaddleOCR",
            "block_type": "paragraph",
            "ocr_engine": "paddleocr",
            "page_label": "1",
            "ocr_language": "en",
            "ocr_confidence": 0.47715237736701965,
            "document_version_id": "docv_fe2470815512a395",
            "physical_page_index": 0
          },
          "parser_version": "pdf-extract-v2"
        },
        {
          "unit_type": "CHUNK",
          "chunk_type": "ocr_line_group",
          "parser_name": "pymupdf+paddleocr",
          "citation_text": "2021_03_recent_economic_trends.pdf > p.1 > bbox [651.0,1269.0,890.0,1340.0]",
          "location_json": {
            "bbox": [
              651.0,
              1269.0,
              890.0,
              1340.0
            ],
            "type": "pdf",
            "page_no": 1,
            "ocr_used": true,
            "ocr_model": "PaddleOCR",
            "block_type": "paragraph",
            "ocr_engine": "paddleocr",
            "page_label": "1",
            "ocr_language": "en",
            "ocr_confidence": 0.9932194352149963,
            "document_version_id": "docv_fe2470815512a395",
            "physical_page_index": 0
          },
          "parser_version": "pdf-extract-v2"
        },
        {
          "unit_type": "CHUNK",
          "chunk_type": "paragraph",
          "parser_name": "pymupdf+paddleocr",
          "citation_text": "2021_03_recent_economic_trends.pdf > p.11 > bbox [252.1,77.66,302.3,89.03]",
          "location_json": {
            "bbox": [
              252.1,
              77.66,
              302.3,
              89.03
            ],
            "type": "pdf",
            "page_no": 11,
            "ocr_used": false,
            "block_type": "paragraph",
            "page_label": "11",
            "ocr_confidence": null,
            "document_version_id": "docv_fe2470815512a395",
            "physical_page_index": 10
          },
          "parser_version": "pdf-extract-v2"
        }
      ],
      "source_status": "READY",
      "ocr_used_count": 9,
      "parsed_artifact_count": 1,
      "parsed_pdf_page_count": 80,
      "pdf_page_metadata_count": 80,
      "page_count_from_location": 80,
      "search_unit_parser_names": [
        "pymupdf+paddleocr"
      ],
      "pdf_parsed_artifact_count": 1,
      "invalid_pdf_location_count": 0,
      "missing_page_metadata_count": 0,
      "search_unit_parser_versions": [
        "pdf-extract-v2"
      ],
      "ocr_confidence_missing_count": 0,
      "parsed_artifact_parser_names": [
        "pymupdf+paddleocr"
      ],
      "pdf_plaintext_artifact_count": 1,
      "missing_text_block_bbox_count": 0,
      "missing_pdf_citation_text_count": 0,
      "parsed_artifact_parser_versions": [
        "pdf-extract-v2"
      ],
      "inconsistent_location_page_metadata_count": 0,
      "total_latency_seconds": 31.859
    },
    {
      "sample_id": "pdf_economic_trends_2021_12",
      "bucket": "pdf_multi_page",
      "status": "PASSED",
      "source_file_id": "59ae84bd-5aa1-4d45-8dde-616a29684ca6",
      "job_id": "d4c7001f-3b27-41a2-8e6d-88308707d9fd",
      "search_unit_count": 2757,
      "missing_required_metadata_count": 0,
      "warnings": [],
      "errors": [],
      "parsing_latency_seconds": 27.438,
      "job_status": "SUCCEEDED",
      "indexing_latency_seconds": 0.14,
      "sample_units": [
        {
          "unit_type": "CHUNK",
          "chunk_type": "paragraph",
          "parser_name": "pymupdf+paddleocr",
          "citation_text": "2021_12_recent_economic_trends.pdf > p.1 > bbox [116.28,231.69,439.32,269.73]",
          "location_json": {
            "bbox": [
              116.28,
              231.69,
              439.32,
              269.73
            ],
            "type": "pdf",
            "page_no": 1,
            "ocr_used": false,
            "block_type": "paragraph",
            "page_label": "1",
            "ocr_confidence": null,
            "document_version_id": "docv_bd3e15da787f2b82",
            "physical_page_index": 0
          },
          "parser_version": "pdf-extract-v2"
        },
        {
          "unit_type": "CHUNK",
          "chunk_type": "paragraph",
          "parser_name": "pymupdf+paddleocr",
          "citation_text": "2021_12_recent_economic_trends.pdf > p.1 > bbox [230.76,459.8,324.66,481.08]",
          "location_json": {
            "bbox": [
              230.76,
              459.8,
              324.66,
              481.08
            ],
            "type": "pdf",
            "page_no": 1,
            "ocr_used": false,
            "block_type": "paragraph",
            "page_label": "1",
            "ocr_confidence": null,
            "document_version_id": "docv_bd3e15da787f2b82",
            "physical_page_index": 0
          },
          "parser_version": "pdf-extract-v2"
        },
        {
          "unit_type": "CHUNK",
          "chunk_type": "paragraph",
          "parser_name": "pymupdf+paddleocr",
          "citation_text": "2021_12_recent_economic_trends.pdf > p.11 > bbox [250.8,73.7,304.8,89.65]",
          "location_json": {
            "bbox": [
              250.8,
              73.7,
              304.8,
              89.65
            ],
            "type": "pdf",
            "page_no": 11,
            "ocr_used": false,
            "block_type": "paragraph",
            "page_label": "11",
            "ocr_confidence": null,
            "document_version_id": "docv_bd3e15da787f2b82",
            "physical_page_index": 10
          },
          "parser_version": "pdf-extract-v2"
        },
        {
          "unit_type": "CHUNK",
          "chunk_type": "paragraph",
          "parser_name": "pymupdf+paddleocr",
          "citation_text": "2021_12_recent_economic_trends.pdf > p.11 > bbox [68.04,102.74,75.79,110.26]",
          "location_json": {
            "bbox": [
              68.04,
              102.74,
              75.79,
              110.26
            ],
            "type": "pdf",
            "page_no": 11,
            "ocr_used": false,
            "block_type": "paragraph",
            "page_label": "11",
            "ocr_confidence": null,
            "document_version_id": "docv_bd3e15da787f2b82",
            "physical_page_index": 10
          },
          "parser_version": "pdf-extract-v2"
        },
        {
          "unit_type": "CHUNK",
          "chunk_type": "paragraph",
          "parser_name": "pymupdf+paddleocr",
          "citation_text": "2021_12_recent_economic_trends.pdf > p.11 > bbox [71.88,182.3,75.79,189.82]",
          "location_json": {
            "bbox": [
              71.88,
              182.3,
              75.79,
              189.82
            ],
            "type": "pdf",
            "page_no": 11,
            "ocr_used": false,
            "block_type": "paragraph",
            "page_label": "11",
            "ocr_confidence": null,
            "document_version_id": "docv_bd3e15da787f2b82",
            "physical_page_index": 10
          },
          "parser_version": "pdf-extract-v2"
        }
      ],
      "source_status": "READY",
      "ocr_used_count": 4,
      "parsed_artifact_count": 1,
      "parsed_pdf_page_count": 80,
      "pdf_page_metadata_count": 80,
      "page_count_from_location": 80,
      "search_unit_parser_names": [
        "pymupdf+paddleocr"
      ],
      "pdf_parsed_artifact_count": 1,
      "invalid_pdf_location_count": 0,
      "missing_page_metadata_count": 0,
      "search_unit_parser_versions": [
        "pdf-extract-v2"
      ],
      "ocr_confidence_missing_count": 0,
      "parsed_artifact_parser_names": [
        "pymupdf+paddleocr"
      ],
      "pdf_plaintext_artifact_count": 1,
      "missing_text_block_bbox_count": 0,
      "missing_pdf_citation_text_count": 0,
      "parsed_artifact_parser_versions": [
        "pdf-extract-v2"
      ],
      "inconsistent_location_page_metadata_count": 0,
      "total_latency_seconds": 27.691
    },
    {
      "sample_id": "pdf_economic_trends_2022_06",
      "bucket": "pdf_section_question",
      "status": "PASSED",
      "source_file_id": "cdd1281e-083a-4dbc-beef-a2f52e251bfb",
      "job_id": "d042b36d-4224-4ac9-8a99-26618d8f3391",
      "search_unit_count": 2785,
      "missing_required_metadata_count": 0,
      "warnings": [],
      "errors": [],
      "parsing_latency_seconds": 29.646,
      "job_status": "SUCCEEDED",
      "indexing_latency_seconds": 0.144,
      "sample_units": [
        {
          "unit_type": "CHUNK",
          "chunk_type": "paragraph",
          "parser_name": "pymupdf+paddleocr",
          "citation_text": "2022_06_recent_economic_trends.pdf > p.1 > bbox [116.28,231.69,439.32,269.73]",
          "location_json": {
            "bbox": [
              116.28,
              231.69,
              439.32,
              269.73
            ],
            "type": "pdf",
            "page_no": 1,
            "ocr_used": true,
            "ocr_model": "PaddleOCR",
            "block_type": "paragraph",
            "ocr_engine": "paddleocr",
            "page_label": "1",
            "ocr_language": "en",
            "ocr_confidence": null,
            "document_version_id": "docv_629c350c2cc83de7",
            "physical_page_index": 0
          },
          "parser_version": "pdf-extract-v2"
        },
        {
          "unit_type": "CHUNK",
          "chunk_type": "paragraph",
          "parser_name": "pymupdf+paddleocr",
          "citation_text": "2022_06_recent_economic_trends.pdf > p.1 > bbox [237.24,459.8,318.18,481.08]",
          "location_json": {
            "bbox": [
              237.24,
              459.8,
              318.18,
              481.08
            ],
            "type": "pdf",
            "page_no": 1,
            "ocr_used": true,
            "ocr_model": "PaddleOCR",
            "block_type": "paragraph",
            "ocr_engine": "paddleocr",
            "page_label": "1",
            "ocr_language": "en",
            "ocr_confidence": null,
            "document_version_id": "docv_629c350c2cc83de7",
            "physical_page_index": 0
          },
          "parser_version": "pdf-extract-v2"
        },
        {
          "unit_type": "CHUNK",
          "chunk_type": "ocr_line_group",
          "parser_name": "pymupdf+paddleocr",
          "citation_text": "2022_06_recent_economic_trends.pdf > p.1 > bbox [308.0,622.0,1141.0,767.0]",
          "location_json": {
            "bbox": [
              308.0,
              622.0,
              1141.0,
              767.0
            ],
            "type": "pdf",
            "page_no": 1,
            "ocr_used": true,
            "ocr_model": "PaddleOCR",
            "block_type": "paragraph",
            "ocr_engine": "paddleocr",
            "page_label": "1",
            "ocr_language": "en",
            "ocr_confidence": 0.5758522748947144,
            "document_version_id": "docv_629c350c2cc83de7",
            "physical_page_index": 0
          },
          "parser_version": "pdf-extract-v2"
        },
        {
          "unit_type": "CHUNK",
          "chunk_type": "ocr_line_group",
          "parser_name": "pymupdf+paddleocr",
          "citation_text": "2022_06_recent_economic_trends.pdf > p.1 > bbox [1080.0,623.0,1238.0,767.0]",
          "location_json": {
            "bbox": [
              1080.0,
              623.0,
              1238.0,
              767.0
            ],
            "type": "pdf",
            "page_no": 1,
            "ocr_used": true,
            "ocr_model": "PaddleOCR",
            "block_type": "paragraph",
            "ocr_engine": "paddleocr",
            "page_label": "1",
            "ocr_language": "en",
            "ocr_confidence": 0.5480991005897522,
            "document_version_id": "docv_629c350c2cc83de7",
            "physical_page_index": 0
          },
          "parser_version": "pdf-extract-v2"
        },
        {
          "unit_type": "CHUNK",
          "chunk_type": "ocr_line_group",
          "parser_name": "pymupdf+paddleocr",
          "citation_text": "2022_06_recent_economic_trends.pdf > p.1 > bbox [650.0,1265.0,893.0,1342.0]",
          "location_json": {
            "bbox": [
              650.0,
              1265.0,
              893.0,
              1342.0
            ],
            "type": "pdf",
            "page_no": 1,
            "ocr_used": true,
            "ocr_model": "PaddleOCR",
            "block_type": "paragraph",
            "ocr_engine": "paddleocr",
            "page_label": "1",
            "ocr_language": "en",
            "ocr_confidence": 0.9489938616752625,
            "document_version_id": "docv_629c350c2cc83de7",
            "physical_page_index": 0
          },
          "parser_version": "pdf-extract-v2"
        }
      ],
      "source_status": "READY",
      "ocr_used_count": 10,
      "parsed_artifact_count": 1,
      "parsed_pdf_page_count": 80,
      "pdf_page_metadata_count": 80,
      "page_count_from_location": 80,
      "search_unit_parser_names": [
        "pymupdf+paddleocr"
      ],
      "pdf_parsed_artifact_count": 1,
      "invalid_pdf_location_count": 0,
      "missing_page_metadata_count": 0,
      "search_unit_parser_versions": [
        "pdf-extract-v2"
      ],
      "ocr_confidence_missing_count": 0,
      "parsed_artifact_parser_names": [
        "pymupdf+paddleocr"
      ],
      "pdf_plaintext_artifact_count": 1,
      "missing_text_block_bbox_count": 0,
      "missing_pdf_citation_text_count": 0,
      "parsed_artifact_parser_versions": [
        "pdf-extract-v2"
      ],
      "inconsistent_location_page_metadata_count": 0,
      "total_latency_seconds": 29.832
    },
    {
      "sample_id": "pdf_economic_trends_2022_12",
      "bucket": "pdf_table_lookup",
      "status": "PASSED",
      "source_file_id": "cb8b772b-de72-4050-a248-0e698a0377f5",
      "job_id": "e4ea38c8-8490-44b2-9296-99d7afba620c",
      "search_unit_count": 2633,
      "missing_required_metadata_count": 0,
      "warnings": [],
      "errors": [],
      "parsing_latency_seconds": 25.827,
      "job_status": "SUCCEEDED",
      "indexing_latency_seconds": 0.154,
      "sample_units": [
        {
          "unit_type": "CHUNK",
          "chunk_type": "paragraph",
          "parser_name": "pymupdf+paddleocr",
          "citation_text": "2022_12_recent_economic_trends.pdf > p.1 > bbox [116.28,231.69,439.32,269.73]",
          "location_json": {
            "bbox": [
              116.28,
              231.69,
              439.32,
              269.73
            ],
            "type": "pdf",
            "page_no": 1,
            "ocr_used": false,
            "block_type": "paragraph",
            "page_label": "1",
            "ocr_confidence": null,
            "document_version_id": "docv_658ceed36766a2cc",
            "physical_page_index": 0
          },
          "parser_version": "pdf-extract-v2"
        },
        {
          "unit_type": "CHUNK",
          "chunk_type": "paragraph",
          "parser_name": "pymupdf+paddleocr",
          "citation_text": "2022_12_recent_economic_trends.pdf > p.1 > bbox [230.76,459.8,324.66,481.08]",
          "location_json": {
            "bbox": [
              230.76,
              459.8,
              324.66,
              481.08
            ],
            "type": "pdf",
            "page_no": 1,
            "ocr_used": false,
            "block_type": "paragraph",
            "page_label": "1",
            "ocr_confidence": null,
            "document_version_id": "docv_658ceed36766a2cc",
            "physical_page_index": 0
          },
          "parser_version": "pdf-extract-v2"
        },
        {
          "unit_type": "CHUNK",
          "chunk_type": "paragraph",
          "parser_name": "pymupdf+paddleocr",
          "citation_text": "2022_12_recent_economic_trends.pdf > p.11 > bbox [250.8,73.7,304.8,89.65]",
          "location_json": {
            "bbox": [
              250.8,
              73.7,
              304.8,
              89.65
            ],
            "type": "pdf",
            "page_no": 11,
            "ocr_used": false,
            "block_type": "paragraph",
            "page_label": "11",
            "ocr_confidence": null,
            "document_version_id": "docv_658ceed36766a2cc",
            "physical_page_index": 10
          },
          "parser_version": "pdf-extract-v2"
        },
        {
          "unit_type": "CHUNK",
          "chunk_type": "paragraph",
          "parser_name": "pymupdf+paddleocr",
          "citation_text": "2022_12_recent_economic_trends.pdf > p.11 > bbox [69.0,102.7,77.86,110.13]",
          "location_json": {
            "bbox": [
              69.0,
              102.7,
              77.86,
              110.13
            ],
            "type": "pdf",
            "page_no": 11,
            "ocr_used": false,
            "block_type": "paragraph",
            "page_label": "11",
            "ocr_confidence": null,
            "document_version_id": "docv_658ceed36766a2cc",
            "physical_page_index": 10
          },
          "parser_version": "pdf-extract-v2"
        },
        {
          "unit_type": "CHUNK",
          "chunk_type": "paragraph",
          "parser_name": "pymupdf+paddleocr",
          "citation_text": "2022_12_recent_economic_trends.pdf > p.11 > bbox [69.0,229.66,77.86,237.09]",
          "location_json": {
            "bbox": [
              69.0,
              229.66,
              77.86,
              237.09
            ],
            "type": "pdf",
            "page_no": 11,
            "ocr_used": false,
            "block_type": "paragraph",
            "page_label": "11",
            "ocr_confidence": null,
            "document_version_id": "docv_658ceed36766a2cc",
            "physical_page_index": 10
          },
          "parser_version": "pdf-extract-v2"
        }
      ],
      "source_status": "READY",
      "ocr_used_count": 4,
      "parsed_artifact_count": 1,
      "parsed_pdf_page_count": 80,
      "pdf_page_metadata_count": 80,
      "page_count_from_location": 80,
      "search_unit_parser_names": [
        "pymupdf+paddleocr"
      ],
      "pdf_parsed_artifact_count": 1,
      "invalid_pdf_location_count": 0,
      "missing_page_metadata_count": 0,
      "search_unit_parser_versions": [
        "pdf-extract-v2"
      ],
      "ocr_confidence_missing_count": 0,
      "parsed_artifact_parser_names": [
        "pymupdf+paddleocr"
      ],
      "pdf_plaintext_artifact_count": 1,
      "missing_text_block_bbox_count": 0,
      "missing_pdf_citation_text_count": 0,
      "parsed_artifact_parser_versions": [
        "pdf-extract-v2"
      ],
      "inconsistent_location_page_metadata_count": 0,
      "total_latency_seconds": 26.03
    },
    {
      "sample_id": "pdf_economic_trends_2023_06",
      "bucket": "pdf_native_text",
      "status": "PASSED",
      "source_file_id": "98625d36-9514-4b96-93a2-7f4e02db67f9",
      "job_id": "1089266f-cc32-4c4d-b16c-174d44c6f6fa",
      "search_unit_count": 2698,
      "missing_required_metadata_count": 0,
      "warnings": [],
      "errors": [],
      "parsing_latency_seconds": 30.526,
      "job_status": "SUCCEEDED",
      "indexing_latency_seconds": 0.137,
      "sample_units": [
        {
          "unit_type": "CHUNK",
          "chunk_type": "paragraph",
          "parser_name": "pymupdf+paddleocr",
          "citation_text": "2023_06_recent_economic_trends.pdf > p.1 > bbox [116.28,231.69,439.32,269.73]",
          "location_json": {
            "bbox": [
              116.28,
              231.69,
              439.32,
              269.73
            ],
            "type": "pdf",
            "page_no": 1,
            "ocr_used": true,
            "ocr_model": "PaddleOCR",
            "block_type": "paragraph",
            "ocr_engine": "paddleocr",
            "page_label": "1",
            "ocr_language": "en",
            "ocr_confidence": null,
            "document_version_id": "docv_b56ee7996ef9edfd",
            "physical_page_index": 0
          },
          "parser_version": "pdf-extract-v2"
        },
        {
          "unit_type": "CHUNK",
          "chunk_type": "paragraph",
          "parser_name": "pymupdf+paddleocr",
          "citation_text": "2023_06_recent_economic_trends.pdf > p.1 > bbox [237.24,459.8,318.18,481.08]",
          "location_json": {
            "bbox": [
              237.24,
              459.8,
              318.18,
              481.08
            ],
            "type": "pdf",
            "page_no": 1,
            "ocr_used": true,
            "ocr_model": "PaddleOCR",
            "block_type": "paragraph",
            "ocr_engine": "paddleocr",
            "page_label": "1",
            "ocr_language": "en",
            "ocr_confidence": null,
            "document_version_id": "docv_b56ee7996ef9edfd",
            "physical_page_index": 0
          },
          "parser_version": "pdf-extract-v2"
        },
        {
          "unit_type": "CHUNK",
          "chunk_type": "ocr_line_group",
          "parser_name": "pymupdf+paddleocr",
          "citation_text": "2023_06_recent_economic_trends.pdf > p.1 > bbox [308.0,622.0,1141.0,767.0]",
          "location_json": {
            "bbox": [
              308.0,
              622.0,
              1141.0,
              767.0
            ],
            "type": "pdf",
            "page_no": 1,
            "ocr_used": true,
            "ocr_model": "PaddleOCR",
            "block_type": "paragraph",
            "ocr_engine": "paddleocr",
            "page_label": "1",
            "ocr_language": "en",
            "ocr_confidence": 0.5758522748947144,
            "document_version_id": "docv_b56ee7996ef9edfd",
            "physical_page_index": 0
          },
          "parser_version": "pdf-extract-v2"
        },
        {
          "unit_type": "CHUNK",
          "chunk_type": "ocr_line_group",
          "parser_name": "pymupdf+paddleocr",
          "citation_text": "2023_06_recent_economic_trends.pdf > p.1 > bbox [1080.0,623.0,1238.0,767.0]",
          "location_json": {
            "bbox": [
              1080.0,
              623.0,
              1238.0,
              767.0
            ],
            "type": "pdf",
            "page_no": 1,
            "ocr_used": true,
            "ocr_model": "PaddleOCR",
            "block_type": "paragraph",
            "ocr_engine": "paddleocr",
            "page_label": "1",
            "ocr_language": "en",
            "ocr_confidence": 0.5480991005897522,
            "document_version_id": "docv_b56ee7996ef9edfd",
            "physical_page_index": 0
          },
          "parser_version": "pdf-extract-v2"
        },
        {
          "unit_type": "CHUNK",
          "chunk_type": "ocr_line_group",
          "parser_name": "pymupdf+paddleocr",
          "citation_text": "2023_06_recent_economic_trends.pdf > p.1 > bbox [651.0,1268.0,892.0,1340.0]",
          "location_json": {
            "bbox": [
              651.0,
              1268.0,
              892.0,
              1340.0
            ],
            "type": "pdf",
            "page_no": 1,
            "ocr_used": true,
            "ocr_model": "PaddleOCR",
            "block_type": "paragraph",
            "ocr_engine": "paddleocr",
            "page_label": "1",
            "ocr_language": "en",
            "ocr_confidence": 0.985198438167572,
            "document_version_id": "docv_b56ee7996ef9edfd",
            "physical_page_index": 0
          },
          "parser_version": "pdf-extract-v2"
        }
      ],
      "source_status": "READY",
      "ocr_used_count": 10,
      "parsed_artifact_count": 1,
      "parsed_pdf_page_count": 80,
      "pdf_page_metadata_count": 80,
      "page_count_from_location": 80,
      "search_unit_parser_names": [
        "pymupdf+paddleocr"
      ],
      "pdf_parsed_artifact_count": 1,
      "invalid_pdf_location_count": 0,
      "missing_page_metadata_count": 0,
      "search_unit_parser_versions": [
        "pdf-extract-v2"
      ],
      "ocr_confidence_missing_count": 0,
      "parsed_artifact_parser_names": [
        "pymupdf+paddleocr"
      ],
      "pdf_plaintext_artifact_count": 1,
      "missing_text_block_bbox_count": 0,
      "missing_pdf_citation_text_count": 0,
      "parsed_artifact_parser_versions": [
        "pdf-extract-v2"
      ],
      "inconsistent_location_page_metadata_count": 0,
      "total_latency_seconds": 30.71
    },
    {
      "sample_id": "pdf_economic_trends_2023_12",
      "bucket": "pdf_multi_page",
      "status": "PASSED",
      "source_file_id": "88ffd894-91ed-448e-a64c-aab7c4189f96",
      "job_id": "31979485-6fab-4f39-9b0d-4e02f75c3791",
      "search_unit_count": 2726,
      "missing_required_metadata_count": 0,
      "warnings": [],
      "errors": [],
      "parsing_latency_seconds": 27.694,
      "job_status": "SUCCEEDED",
      "indexing_latency_seconds": 0.164,
      "sample_units": [
        {
          "unit_type": "CHUNK",
          "chunk_type": "paragraph",
          "parser_name": "pymupdf+paddleocr",
          "citation_text": "2023_12_recent_economic_trends.pdf > p.1 > bbox [116.28,231.69,439.32,269.73]",
          "location_json": {
            "bbox": [
              116.28,
              231.69,
              439.32,
              269.73
            ],
            "type": "pdf",
            "page_no": 1,
            "ocr_used": false,
            "block_type": "paragraph",
            "page_label": "1",
            "ocr_confidence": null,
            "document_version_id": "docv_d03e2aa7719f8f3b",
            "physical_page_index": 0
          },
          "parser_version": "pdf-extract-v2"
        },
        {
          "unit_type": "CHUNK",
          "chunk_type": "paragraph",
          "parser_name": "pymupdf+paddleocr",
          "citation_text": "2023_12_recent_economic_trends.pdf > p.1 > bbox [230.76,459.8,324.66,481.08]",
          "location_json": {
            "bbox": [
              230.76,
              459.8,
              324.66,
              481.08
            ],
            "type": "pdf",
            "page_no": 1,
            "ocr_used": false,
            "block_type": "paragraph",
            "page_label": "1",
            "ocr_confidence": null,
            "document_version_id": "docv_d03e2aa7719f8f3b",
            "physical_page_index": 0
          },
          "parser_version": "pdf-extract-v2"
        },
        {
          "unit_type": "CHUNK",
          "chunk_type": "paragraph",
          "parser_name": "pymupdf+paddleocr",
          "citation_text": "2023_12_recent_economic_trends.pdf > p.11 > bbox [250.8,73.7,304.8,89.65]",
          "location_json": {
            "bbox": [
              250.8,
              73.7,
              304.8,
              89.65
            ],
            "type": "pdf",
            "page_no": 11,
            "ocr_used": false,
            "block_type": "paragraph",
            "page_label": "11",
            "ocr_confidence": null,
            "document_version_id": "docv_d03e2aa7719f8f3b",
            "physical_page_index": 10
          },
          "parser_version": "pdf-extract-v2"
        },
        {
          "unit_type": "CHUNK",
          "chunk_type": "paragraph",
          "parser_name": "pymupdf+paddleocr",
          "citation_text": "2023_12_recent_economic_trends.pdf > p.11 > bbox [69.0,102.67,77.91,110.13]",
          "location_json": {
            "bbox": [
              69.0,
              102.67,
              77.91,
              110.13
            ],
            "type": "pdf",
            "page_no": 11,
            "ocr_used": false,
            "block_type": "paragraph",
            "page_label": "11",
            "ocr_confidence": null,
            "document_version_id": "docv_d03e2aa7719f8f3b",
            "physical_page_index": 10
          },
          "parser_version": "pdf-extract-v2"
        },
        {
          "unit_type": "CHUNK",
          "chunk_type": "paragraph",
          "parser_name": "pymupdf+paddleocr",
          "citation_text": "2023_12_recent_economic_trends.pdf > p.11 > bbox [78.84,237.91,464.07,245.37]",
          "location_json": {
            "bbox": [
              78.84,
              237.91,
              464.07,
              245.37
            ],
            "type": "pdf",
            "page_no": 11,
            "ocr_used": false,
            "block_type": "paragraph",
            "page_label": "11",
            "ocr_confidence": null,
            "document_version_id": "docv_d03e2aa7719f8f3b",
            "physical_page_index": 10
          },
          "parser_version": "pdf-extract-v2"
        }
      ],
      "source_status": "READY",
      "ocr_used_count": 4,
      "parsed_artifact_count": 1,
      "parsed_pdf_page_count": 80,
      "pdf_page_metadata_count": 80,
      "page_count_from_location": 80,
      "search_unit_parser_names": [
        "pymupdf+paddleocr"
      ],
      "pdf_parsed_artifact_count": 1,
      "invalid_pdf_location_count": 0,
      "missing_page_metadata_count": 0,
      "search_unit_parser_versions": [
        "pdf-extract-v2"
      ],
      "ocr_confidence_missing_count": 0,
      "parsed_artifact_parser_names": [
        "pymupdf+paddleocr"
      ],
      "pdf_plaintext_artifact_count": 1,
      "missing_text_block_bbox_count": 0,
      "missing_pdf_citation_text_count": 0,
      "parsed_artifact_parser_versions": [
        "pdf-extract-v2"
      ],
      "inconsistent_location_page_metadata_count": 0,
      "total_latency_seconds": 27.907
    },
    {
      "sample_id": "pdf_economic_trends_2024_06",
      "bucket": "pdf_section_question",
      "status": "PASSED",
      "source_file_id": "3a7ffb63-e01e-4963-890d-edb51721b2e0",
      "job_id": "510170eb-33fe-42ae-aca1-385badc837d1",
      "search_unit_count": 2625,
      "missing_required_metadata_count": 0,
      "warnings": [],
      "errors": [],
      "parsing_latency_seconds": 27.491,
      "job_status": "SUCCEEDED",
      "indexing_latency_seconds": 0.122,
      "sample_units": [
        {
          "unit_type": "CHUNK",
          "chunk_type": "paragraph",
          "parser_name": "pymupdf+paddleocr",
          "citation_text": "2024_06_recent_economic_trends.pdf > p.1 > bbox [124.49,248.1,470.39,288.75]",
          "location_json": {
            "bbox": [
              124.49,
              248.1,
              470.39,
              288.75
            ],
            "type": "pdf",
            "page_no": 1,
            "ocr_used": true,
            "ocr_model": "PaddleOCR",
            "block_type": "paragraph",
            "ocr_engine": "paddleocr",
            "page_label": "1",
            "ocr_language": "en",
            "ocr_confidence": null,
            "document_version_id": "docv_5de7281c8e696685",
            "physical_page_index": 0
          },
          "parser_version": "pdf-extract-v2"
        },
        {
          "unit_type": "CHUNK",
          "chunk_type": "paragraph",
          "parser_name": "pymupdf+paddleocr",
          "citation_text": "2024_06_recent_economic_trends.pdf > p.1 > bbox [254.14,492.16,340.74,514.93]",
          "location_json": {
            "bbox": [
              254.14,
              492.16,
              340.74,
              514.93
            ],
            "type": "pdf",
            "page_no": 1,
            "ocr_used": true,
            "ocr_model": "PaddleOCR",
            "block_type": "paragraph",
            "ocr_engine": "paddleocr",
            "page_label": "1",
            "ocr_language": "en",
            "ocr_confidence": null,
            "document_version_id": "docv_5de7281c8e696685",
            "physical_page_index": 0
          },
          "parser_version": "pdf-extract-v2"
        },
        {
          "unit_type": "CHUNK",
          "chunk_type": "ocr_line_group",
          "parser_name": "pymupdf+paddleocr",
          "citation_text": "2024_06_recent_economic_trends.pdf > p.1 > bbox [328.0,664.0,1172.0,826.0]",
          "location_json": {
            "bbox": [
              328.0,
              664.0,
              1172.0,
              826.0
            ],
            "type": "pdf",
            "page_no": 1,
            "ocr_used": true,
            "ocr_model": "PaddleOCR",
            "block_type": "paragraph",
            "ocr_engine": "paddleocr",
            "page_label": "1",
            "ocr_language": "en",
            "ocr_confidence": 0.6276412010192871,
            "document_version_id": "docv_5de7281c8e696685",
            "physical_page_index": 0
          },
          "parser_version": "pdf-extract-v2"
        },
        {
          "unit_type": "CHUNK",
          "chunk_type": "ocr_line_group",
          "parser_name": "pymupdf+paddleocr",
          "citation_text": "2024_06_recent_economic_trends.pdf > p.1 > bbox [1181.0,670.0,1321.0,818.0]",
          "location_json": {
            "bbox": [
              1181.0,
              670.0,
              1321.0,
              818.0
            ],
            "type": "pdf",
            "page_no": 1,
            "ocr_used": true,
            "ocr_model": "PaddleOCR",
            "block_type": "paragraph",
            "ocr_engine": "paddleocr",
            "page_label": "1",
            "ocr_language": "en",
            "ocr_confidence": 0.5174480676651001,
            "document_version_id": "docv_5de7281c8e696685",
            "physical_page_index": 0
          },
          "parser_version": "pdf-extract-v2"
        },
        {
          "unit_type": "CHUNK",
          "chunk_type": "ocr_line_group",
          "parser_name": "pymupdf+paddleocr",
          "citation_text": "2024_06_recent_economic_trends.pdf > p.1 > bbox [696.0,1354.0,957.0,1435.0]",
          "location_json": {
            "bbox": [
              696.0,
              1354.0,
              957.0,
              1435.0
            ],
            "type": "pdf",
            "page_no": 1,
            "ocr_used": true,
            "ocr_model": "PaddleOCR",
            "block_type": "paragraph",
            "ocr_engine": "paddleocr",
            "page_label": "1",
            "ocr_language": "en",
            "ocr_confidence": 0.9640277028083801,
            "document_version_id": "docv_5de7281c8e696685",
            "physical_page_index": 0
          },
          "parser_version": "pdf-extract-v2"
        }
      ],
      "source_status": "READY",
      "ocr_used_count": 10,
      "parsed_artifact_count": 1,
      "parsed_pdf_page_count": 77,
      "pdf_page_metadata_count": 77,
      "page_count_from_location": 77,
      "search_unit_parser_names": [
        "pymupdf+paddleocr"
      ],
      "pdf_parsed_artifact_count": 1,
      "invalid_pdf_location_count": 0,
      "missing_page_metadata_count": 0,
      "search_unit_parser_versions": [
        "pdf-extract-v2"
      ],
      "ocr_confidence_missing_count": 0,
      "parsed_artifact_parser_names": [
        "pymupdf+paddleocr"
      ],
      "pdf_plaintext_artifact_count": 1,
      "missing_text_block_bbox_count": 0,
      "missing_pdf_citation_text_count": 0,
      "parsed_artifact_parser_versions": [
        "pdf-extract-v2"
      ],
      "inconsistent_location_page_metadata_count": 0,
      "total_latency_seconds": 27.654
    },
    {
      "sample_id": "pdf_economic_trends_2025_12",
      "bucket": "pdf_table_lookup",
      "status": "PASSED",
      "source_file_id": "105eb112-2bc4-4f35-a877-f0a6dd487288",
      "job_id": "88d9bfa9-7578-40df-9cd7-e4aaebec99e7",
      "search_unit_count": 2474,
      "missing_required_metadata_count": 0,
      "warnings": [],
      "errors": [],
      "parsing_latency_seconds": 23.455,
      "job_status": "SUCCEEDED",
      "indexing_latency_seconds": 0.13,
      "sample_units": [
        {
          "unit_type": "CHUNK",
          "chunk_type": "paragraph",
          "parser_name": "pymupdf+paddleocr",
          "citation_text": "2025_12_recent_economic_trends.pdf > p.1 > bbox [116.28,238.77,439.32,276.81]",
          "location_json": {
            "bbox": [
              116.28,
              238.77,
              439.32,
              276.81
            ],
            "type": "pdf",
            "page_no": 1,
            "ocr_used": false,
            "block_type": "paragraph",
            "page_label": "1",
            "ocr_confidence": null,
            "document_version_id": "docv_8b23a58c27c5518a",
            "physical_page_index": 0
          },
          "parser_version": "pdf-extract-v2"
        },
        {
          "unit_type": "CHUNK",
          "chunk_type": "paragraph",
          "parser_name": "pymupdf+paddleocr",
          "citation_text": "2025_12_recent_economic_trends.pdf > p.1 > bbox [227.76,444.84,327.69,466.08]",
          "location_json": {
            "bbox": [
              227.76,
              444.84,
              327.69,
              466.08
            ],
            "type": "pdf",
            "page_no": 1,
            "ocr_used": false,
            "block_type": "paragraph",
            "page_label": "1",
            "ocr_confidence": null,
            "document_version_id": "docv_8b23a58c27c5518a",
            "physical_page_index": 0
          },
          "parser_version": "pdf-extract-v2"
        },
        {
          "unit_type": "CHUNK",
          "chunk_type": "paragraph",
          "parser_name": "pymupdf+paddleocr",
          "citation_text": "2025_12_recent_economic_trends.pdf > p.11 > bbox [250.8,77.16,304.8,89.16]",
          "location_json": {
            "bbox": [
              250.8,
              77.16,
              304.8,
              89.16
            ],
            "type": "pdf",
            "page_no": 11,
            "ocr_used": false,
            "block_type": "paragraph",
            "page_label": "11",
            "ocr_confidence": null,
            "document_version_id": "docv_8b23a58c27c5518a",
            "physical_page_index": 10
          },
          "parser_version": "pdf-extract-v2"
        },
        {
          "unit_type": "CHUNK",
          "chunk_type": "paragraph",
          "parser_name": "pymupdf+paddleocr",
          "citation_text": "2025_12_recent_economic_trends.pdf > p.11 > bbox [70.9,102.62,79.94,110.29]",
          "location_json": {
            "bbox": [
              70.9,
              102.62,
              79.94,
              110.29
            ],
            "type": "pdf",
            "page_no": 11,
            "ocr_used": false,
            "block_type": "paragraph",
            "page_label": "11",
            "ocr_confidence": null,
            "document_version_id": "docv_8b23a58c27c5518a",
            "physical_page_index": 10
          },
          "parser_version": "pdf-extract-v2"
        },
        {
          "unit_type": "CHUNK",
          "chunk_type": "paragraph",
          "parser_name": "pymupdf+paddleocr",
          "citation_text": "2025_12_recent_economic_trends.pdf > p.11 > bbox [458.86,240.13,478.34,247.8]",
          "location_json": {
            "bbox": [
              458.86,
              240.13,
              478.34,
              247.8
            ],
            "type": "pdf",
            "page_no": 11,
            "ocr_used": false,
            "block_type": "paragraph",
            "page_label": "11",
            "ocr_confidence": null,
            "document_version_id": "docv_8b23a58c27c5518a",
            "physical_page_index": 10
          },
          "parser_version": "pdf-extract-v2"
        }
      ],
      "source_status": "READY",
      "ocr_used_count": 4,
      "parsed_artifact_count": 1,
      "parsed_pdf_page_count": 77,
      "pdf_page_metadata_count": 77,
      "page_count_from_location": 77,
      "search_unit_parser_names": [
        "pymupdf+paddleocr"
      ],
      "pdf_parsed_artifact_count": 1,
      "invalid_pdf_location_count": 0,
      "missing_page_metadata_count": 0,
      "search_unit_parser_versions": [
        "pdf-extract-v2"
      ],
      "ocr_confidence_missing_count": 0,
      "parsed_artifact_parser_names": [
        "pymupdf+paddleocr"
      ],
      "pdf_plaintext_artifact_count": 1,
      "missing_text_block_bbox_count": 0,
      "missing_pdf_citation_text_count": 0,
      "parsed_artifact_parser_versions": [
        "pdf-extract-v2"
      ],
      "inconsistent_location_page_metadata_count": 0,
      "total_latency_seconds": 23.668
    }
  ],
  "metrics": {
    "parser_success_rate": 1.0,
    "zero_indexable_chunk_count": 0,
    "missing_required_metadata_count": 0,
    "invalid_pdf_location_count": 0,
    "missing_pdf_citation_text_count": 0,
    "missing_page_metadata_count": 0,
    "inconsistent_location_page_metadata_count": 0,
    "parsing_latency_p95_seconds": 31.641,
    "indexing_latency_p95_seconds": 0.164
  }
}
