{
  "run_id": "2026-05-03T140922Z",
  "status": "COMPLETED",
  "metrics": {
    "parser_success_rate": 1.0,
    "unsupported_file_rate": 0.0,
    "zero_indexable_chunk_count": 0,
    "required_metadata_completeness": 1.0,
    "missing_required_metadata_count": 0,
    "xlsx_citation_location_accuracy": 0.0,
    "pdf_citation_location_accuracy": 0.0,
    "table_detection_accuracy": 1.0,
    "OCR_needed_count": 2,
    "hit_at_10": 0.0,
    "mrr_at_10": 0.0,
    "citation_accuracy": 0.0,
    "citation_location_accuracy": 0.0,
    "parsing_latency_p95_seconds": 31.641,
    "indexing_latency_p95_seconds": 0.164,
    "fatal_warning_count": 0,
    "gate_input_missing_count": 0,
    "gate_input_missing": [],
    "hidden_content_leakage_count": 0,
    "embedding_filtered_eval": true,
    "required_embedding_status": "EMBEDDED",
    "required_index_version": "rag-ingestion-v2-candidate",
    "indexing_filtered_hit_count": 629,
    "result_empty_count": 8,
    "gold_label_invalid_count": 0,
    "candidate_index_mismatch_count": 0,
    "embedding_status_mismatch_count": 0,
    "required_index_version_mismatch_count": 64,
    "overall_failure_reason_counts": {
      "required_index_version_mismatch": 64,
      "search_result_empty": 8
    },
    "bucket_failure_reason_counts": {
      "mixed_text_table": {
        "search_result_empty": 3
      },
      "pdf_page_lookup": {
        "required_index_version_mismatch": 8
      },
      "pdf_section_question": {
        "required_index_version_mismatch": 8
      },
      "pdf_table_lookup": {
        "required_index_version_mismatch": 6
      },
      "xlsx_aggregation": {
        "required_index_version_mismatch": 14,
        "search_result_empty": 1
      },
      "xlsx_date_number_format": {
        "required_index_version_mismatch": 3,
        "search_result_empty": 1
      },
      "xlsx_formula_value": {
        "required_index_version_mismatch": 3
      },
      "xlsx_header_ambiguous": {
        "required_index_version_mismatch": 4
      },
      "xlsx_hidden_policy": {
        "search_result_empty": 3
      },
      "xlsx_lookup": {
        "required_index_version_mismatch": 18
      }
    },
    "bucket_metrics": {
      "mixed_text_table": {
        "Hit@10": 0.0,
        "MRR@10": 0.0,
        "count": 3,
        "citation_location_accuracy": 0.0,
        "xlsx_exact_range@10": 0.0,
        "xlsx_file_hit@10": 0.0,
        "xlsx_range_contains@10": 0.0,
        "xlsx_range_overlap@10": 0.0,
        "xlsx_sheet_hit@10": 0.0,
        "bucket_failure_reason_counts": {
          "search_result_empty": 3
        }
      },
      "pdf_page_lookup": {
        "Hit@10": 0.0,
        "MRR@10": 0.0,
        "count": 8,
        "citation_location_accuracy": 0.0,
        "pdf_bbox_overlap@10": 0.625,
        "pdf_exact_bbox@10": 0.5,
        "pdf_file_hit@10": 0.75,
        "pdf_page_hit@10": 0.625,
        "bucket_failure_reason_counts": {
          "required_index_version_mismatch": 8
        }
      },
      "pdf_section_question": {
        "Hit@10": 0.0,
        "MRR@10": 0.0,
        "count": 8,
        "citation_location_accuracy": 0.0,
        "pdf_bbox_overlap@10": 0.6667,
        "pdf_exact_bbox@10": 0.6667,
        "pdf_file_hit@10": 0.75,
        "pdf_page_hit@10": 0.75,
        "bucket_failure_reason_counts": {
          "required_index_version_mismatch": 8
        }
      },
      "pdf_table_lookup": {
        "Hit@10": 0.0,
        "MRR@10": 0.0,
        "count": 6,
        "citation_location_accuracy": 0.0,
        "pdf_bbox_overlap@10": 0.3333,
        "pdf_exact_bbox@10": 0.3333,
        "pdf_file_hit@10": 0.5,
        "pdf_page_hit@10": 0.3333,
        "bucket_failure_reason_counts": {
          "required_index_version_mismatch": 6
        }
      },
      "xlsx_aggregation": {
        "Hit@10": 0.0,
        "MRR@10": 0.0,
        "count": 15,
        "citation_location_accuracy": 0.0,
        "xlsx_exact_range@10": 0.9333,
        "xlsx_file_hit@10": 0.9333,
        "xlsx_range_contains@10": 0.9333,
        "xlsx_range_overlap@10": 0.9333,
        "xlsx_sheet_hit@10": 0.9333,
        "xlsx_table_hit@10": 0.5,
        "bucket_failure_reason_counts": {
          "required_index_version_mismatch": 14,
          "search_result_empty": 1
        }
      },
      "xlsx_date_number_format": {
        "Hit@10": 0.0,
        "MRR@10": 0.0,
        "count": 4,
        "citation_location_accuracy": 0.0,
        "xlsx_exact_range@10": 0.75,
        "xlsx_file_hit@10": 0.75,
        "xlsx_range_contains@10": 0.75,
        "xlsx_range_overlap@10": 0.75,
        "xlsx_sheet_hit@10": 0.75,
        "xlsx_table_hit@10": 0.5,
        "bucket_failure_reason_counts": {
          "required_index_version_mismatch": 3,
          "search_result_empty": 1
        }
      },
      "xlsx_formula_value": {
        "Hit@10": 0.0,
        "MRR@10": 0.0,
        "count": 3,
        "citation_location_accuracy": 0.0,
        "xlsx_exact_range@10": 0.6667,
        "xlsx_file_hit@10": 0.6667,
        "xlsx_range_contains@10": 0.6667,
        "xlsx_range_overlap@10": 0.6667,
        "xlsx_sheet_hit@10": 0.6667,
        "xlsx_table_hit@10": 1.0,
        "bucket_failure_reason_counts": {
          "required_index_version_mismatch": 3
        }
      },
      "xlsx_header_ambiguous": {
        "Hit@10": 0.0,
        "MRR@10": 0.0,
        "count": 4,
        "citation_location_accuracy": 0.0,
        "xlsx_exact_range@10": 0.25,
        "xlsx_file_hit@10": 1.0,
        "xlsx_range_contains@10": 0.25,
        "xlsx_range_overlap@10": 0.25,
        "xlsx_sheet_hit@10": 0.5,
        "xlsx_table_hit@10": 0.0,
        "bucket_failure_reason_counts": {
          "required_index_version_mismatch": 4
        }
      },
      "xlsx_hidden_policy": {
        "Hit@10": 0.0,
        "MRR@10": 0.0,
        "count": 3,
        "citation_location_accuracy": 0.0,
        "xlsx_exact_range@10": 0.0,
        "xlsx_file_hit@10": 0.0,
        "xlsx_range_contains@10": 0.0,
        "xlsx_range_overlap@10": 0.0,
        "xlsx_sheet_hit@10": 0.0,
        "xlsx_table_hit@10": 0.0,
        "bucket_failure_reason_counts": {
          "search_result_empty": 3
        }
      },
      "xlsx_lookup": {
        "Hit@10": 0.0,
        "MRR@10": 0.0,
        "count": 18,
        "citation_location_accuracy": 0.0,
        "xlsx_exact_range@10": 1.0,
        "xlsx_file_hit@10": 1.0,
        "xlsx_range_contains@10": 1.0,
        "xlsx_range_overlap@10": 1.0,
        "xlsx_sheet_hit@10": 1.0,
        "bucket_failure_reason_counts": {
          "required_index_version_mismatch": 18
        }
      }
    },
    "retrieval_report_path": "reports\\rag_retrieval_eval_report.json",
    "candidate_index_version": "rag-ingestion-v2-candidate",
    "baseline_index_version": "rag-ingestion-v2-baseline",
    "xlsx_hidden_search_unit_leakage_count": 0,
    "pdf_missing_page_metadata_count": 0,
    "pdf_inconsistent_location_page_metadata_count": 0,
    "source_reports": [
      "reports\\rag_ingestion_sample_batch_report.json",
      "reports\\rag_pdf_ingestion_sample_batch_report.json",
      "reports\\rag_retrieval_eval_report.json",
      "reports\\rag_pdf_ocr_fallback_smoke_report.json"
    ],
    "OCR_confidence_avg": 0.9986956304073333
  },
  "notes": [
    "Latency p95 values are measured by smoke runners around extract job completion and DB validation.",
    "OCR confidence is required only when the OCR smoke report contains OCR-needed chunks."
  ]
}
